
  .   ____          _            __ _ _
 /\\ / ___'_ __ _ _(_)_ __  __ _ \ \ \ \
( ( )\___ | '_ | '_| | '_ \/ _` | \ \ \ \
 \\/  ___)| |_)| | | | | || (_| |  ) ) ) )
  '  |____| .__|_| |_|_| |_\__, | / / / /
 =========|_|==============|___/=/_/_/_/

 :: Spring Boot ::                (v4.0.6)

2026-09-25T23:07:43.372+03:00  INFO 36552 --- [shoplink-backend] [           main] c.b.shoplink.ShoplinkBackendApplication  : Starting ShoplinkBackendApplication using Java 17.0.18 with PID 36552 (C:\Users\user\Desktop\shop\shoplink_backend\target\classes started by user in C:\Users\user\Desktop\shop\shoplink_backend)
2026-09-25T23:07:43.384+03:00  INFO 36552 --- [shoplink-backend] [           main] c.b.shoplink.ShoplinkBackendApplication  : The following 1 profile is active: "prod"
2026-09-25T23:07:45.480+03:00  INFO 36552 --- [shoplink-backend] [           main] .s.d.r.c.RepositoryConfigurationDelegate : Bootstrapping Spring Data JPA repositories in DEFAULT mode.
2026-09-25T23:07:45.832+03:00  INFO 36552 --- [shoplink-backend] [           main] .s.d.r.c.RepositoryConfigurationDelegate : Finished Spring Data repository scanning in 324 ms. Found 29 JPA repository interfaces.
2026-09-25T23:07:51.436+03:00  INFO 36552 --- [shoplink-backend] [           main] o.s.boot.tomcat.TomcatWebServer          : Tomcat initialized with port 18443 (https)
2026-09-25T23:07:51.506+03:00  INFO 36552 --- [shoplink-backend] [           main] o.apache.catalina.core.StandardService   : Starting service [Tomcat]
2026-09-25T23:07:51.506+03:00  INFO 36552 --- [shoplink-backend] [           main] o.apache.catalina.core.StandardEngine    : Starting Servlet engine: [Apache Tomcat/11.0.21]
2026-09-25T23:07:51.729+03:00  INFO 36552 --- [shoplink-backend] [           main] b.w.c.s.WebApplicationContextInitializer : Root WebApplicationContext: initialization completed in 8243 ms
2026-09-25T23:07:53.912+03:00  INFO 36552 --- [shoplink-backend] [           main] com.zaxxer.hikari.HikariDataSource       : HikariPool-1 - Starting...
2026-09-25T23:07:54.698+03:00  INFO 36552 --- [shoplink-backend] [           main] com.zaxxer.hikari.pool.HikariPool        : HikariPool-1 - Added connection org.postgresql.jdbc.PgConnection@37e491e2
2026-09-25T23:07:54.705+03:00  INFO 36552 --- [shoplink-backend] [           main] com.zaxxer.hikari.HikariDataSource       : HikariPool-1 - Start completed.
2026-09-25T23:07:54.788+03:00  INFO 36552 --- [shoplink-backend] [           main] org.flywaydb.core.FlywayExecutor         : Database: jdbc:postgresql://127.0.0.1:55432/khangates_m214_prod (PostgreSQL 16.15)
2026-09-25T23:07:54.943+03:00  INFO 36552 --- [shoplink-backend] [           main] o.f.c.i.s.JdbcTableSchemaHistory         : Schema history table "public"."flyway_schema_history" does not exist yet
2026-09-25T23:07:54.961+03:00  INFO 36552 --- [shoplink-backend] [           main] o.f.core.internal.command.DbValidate     : Successfully validated 35 migrations (execution time 00:00.100s)
2026-09-25T23:07:54.985+03:00  INFO 36552 --- [shoplink-backend] [           main] o.f.c.i.s.JdbcTableSchemaHistory         : Creating Schema History table "public"."flyway_schema_history" ...
2026-09-25T23:07:55.119+03:00  INFO 36552 --- [shoplink-backend] [           main] o.f.core.internal.command.DbMigrate      : Current version of schema "public": << Empty Schema >>
2026-09-25T23:07:55.191+03:00  INFO 36552 --- [shoplink-backend] [           main] o.f.core.internal.command.DbMigrate      : Migrating schema "public" to version "1 - init schema"
2026-09-25T23:07:55.423+03:00  INFO 36552 --- [shoplink-backend] [           main] o.f.core.internal.command.DbMigrate      : Migrating schema "public" to version "2 - seed business categories"
2026-09-25T23:07:55.456+03:00  INFO 36552 --- [shoplink-backend] [           main] o.f.core.internal.command.DbMigrate      : Migrating schema "public" to version "3 - seed restaurant templates"
2026-09-25T23:07:55.503+03:00  INFO 36552 --- [shoplink-backend] [           main] o.f.core.internal.command.DbMigrate      : Migrating schema "public" to version "4 - seed demo restaurant store"
2026-09-25T23:07:55.539+03:00  INFO 36552 --- [shoplink-backend] [           main] o.f.core.internal.command.DbMigrate      : Migrating schema "public" to version "5 - email verify and password reset"
2026-09-25T23:07:55.599+03:00  INFO 36552 --- [shoplink-backend] [           main] o.f.core.internal.command.DbMigrate      : Migrating schema "public" to version "6 - daily store sales view"
2026-09-25T23:07:55.631+03:00  INFO 36552 --- [shoplink-backend] [           main] o.f.core.internal.command.DbMigrate      : Migrating schema "public" to version "7 - daily store sales table"
2026-09-25T23:07:55.682+03:00  INFO 36552 --- [shoplink-backend] [           main] o.f.core.internal.command.DbMigrate      : Migrating schema "public" to version "8 - login security"
2026-09-25T23:07:55.802+03:00  INFO 36552 --- [shoplink-backend] [           main] o.f.core.internal.command.DbMigrate      : Migrating schema "public" to version "9 - production auth hardening"
2026-09-25T23:07:55.840+03:00  INFO 36552 --- [shoplink-backend] [           main] o.f.core.internal.command.DbMigrate      : Migrating schema "public" to version "10 - refresh token session scope"
2026-09-25T23:07:55.851+03:00  INFO 36552 --- [shoplink-backend] [           main] o.f.c.i.s.DefaultSqlScriptExecutor       : DB: constraint "refresh_tokens_session_scope_check" of relation "refresh_tokens" does not exist, skipping
2026-09-25T23:07:55.878+03:00  INFO 36552 --- [shoplink-backend] [           main] o.f.core.internal.command.DbMigrate      : Migrating schema "public" to version "11 - customer auth and oauth"
2026-09-25T23:07:55.911+03:00  INFO 36552 --- [shoplink-backend] [           main] o.f.core.internal.command.DbMigrate      : Migrating schema "public" to version "12 - align store template key with sub category"
2026-09-25T23:07:55.937+03:00  INFO 36552 --- [shoplink-backend] [           main] o.f.core.internal.command.DbMigrate      : Migrating schema "public" to version "13 - add coffee beans subcategory"
2026-09-25T23:07:55.968+03:00  INFO 36552 --- [shoplink-backend] [           main] o.f.core.internal.command.DbMigrate      : Migrating schema "public" to version "14 - add coffee smooth subcategory"
2026-09-25T23:07:55.996+03:00  INFO 36552 --- [shoplink-backend] [           main] o.f.core.internal.command.DbMigrate      : Migrating schema "public" to version "15 - nullable user email"
2026-09-25T23:07:56.027+03:00  INFO 36552 --- [shoplink-backend] [           main] o.f.core.internal.command.DbMigrate      : Migrating schema "public" to version "16 - link orders to customer"
2026-09-25T23:07:56.057+03:00  INFO 36552 --- [shoplink-backend] [           main] o.f.core.internal.command.DbMigrate      : Migrating schema "public" to version "17 - delivery zones"
2026-09-25T23:07:56.095+03:00  INFO 36552 --- [shoplink-backend] [           main] o.f.core.internal.command.DbMigrate      : Migrating schema "public" to version "18 - phone otp verification"
2026-09-25T23:07:56.131+03:00  INFO 36552 --- [shoplink-backend] [           main] o.f.core.internal.command.DbMigrate      : Migrating schema "public" to version "19 - store creation idempotency"
2026-09-25T23:07:56.163+03:00  INFO 36552 --- [shoplink-backend] [           main] o.f.core.internal.command.DbMigrate      : Migrating schema "public" to version "20 - staff invites"
2026-09-25T23:07:56.212+03:00  INFO 36552 --- [shoplink-backend] [           main] o.f.core.internal.command.DbMigrate      : Migrating schema "public" to version "21 - product stock"
2026-09-25T23:07:56.236+03:00  INFO 36552 --- [shoplink-backend] [           main] o.f.core.internal.command.DbMigrate      : Migrating schema "public" to version "22 - customer order fk on delete"
2026-09-25T23:07:56.264+03:00  INFO 36552 --- [shoplink-backend] [           main] o.f.core.internal.command.DbMigrate      : Migrating schema "public" to version "23 - offers"
2026-09-25T23:07:56.301+03:00  INFO 36552 --- [shoplink-backend] [           main] o.f.core.internal.command.DbMigrate      : Migrating schema "public" to version "24 - staff permissions"
2026-09-25T23:07:56.339+03:00  INFO 36552 --- [shoplink-backend] [           main] o.f.core.internal.command.DbMigrate      : Migrating schema "public" to version "25 - appointments"
2026-09-25T23:07:56.394+03:00  INFO 36552 --- [shoplink-backend] [           main] o.f.core.internal.command.DbMigrate      : Migrating schema "public" to version "26 - store theme content"
2026-09-25T23:07:56.440+03:00  INFO 36552 --- [shoplink-backend] [           main] o.f.core.internal.command.DbMigrate      : Migrating schema "public" to version "27 - staff permissions storefront section"
2026-09-25T23:07:56.471+03:00  INFO 36552 --- [shoplink-backend] [           main] o.f.core.internal.command.DbMigrate      : Migrating schema "public" to version "28 - product variants"
2026-09-25T23:07:56.562+03:00  INFO 36552 --- [shoplink-backend] [           main] o.f.core.internal.command.DbMigrate      : Migrating schema "public" to version "29 - product modifiers"
2026-09-25T23:07:56.626+03:00  INFO 36552 --- [shoplink-backend] [           main] o.f.core.internal.command.DbMigrate      : Migrating schema "public" to version "30 - inventory"
2026-09-25T23:07:56.678+03:00  INFO 36552 --- [shoplink-backend] [           main] o.f.core.internal.command.DbMigrate      : Migrating schema "public" to version "31 - product images"
2026-09-25T23:07:56.716+03:00  INFO 36552 --- [shoplink-backend] [           main] o.f.core.internal.command.DbMigrate      : Migrating schema "public" to version "32 - order payment status"
2026-09-25T23:07:56.745+03:00  INFO 36552 --- [shoplink-backend] [           main] o.f.core.internal.command.DbMigrate      : Migrating schema "public" to version "33 - store currency timezone locale and order currency"
2026-09-25T23:07:56.778+03:00  INFO 36552 --- [shoplink-backend] [           main] o.f.core.internal.command.DbMigrate      : Migrating schema "public" to version "34 - store business hours"
2026-09-25T23:07:56.813+03:00  INFO 36552 --- [shoplink-backend] [           main] o.f.core.internal.command.DbMigrate      : Migrating schema "public" to version "35 - store accepting orders"
2026-09-25T23:07:56.841+03:00  INFO 36552 --- [shoplink-backend] [           main] o.f.core.internal.command.DbMigrate      : Successfully applied 35 migrations to schema "public", now at version v35 (execution time 00:00.896s)
2026-09-25T23:07:57.183+03:00  INFO 36552 --- [shoplink-backend] [           main] org.hibernate.orm.jpa                    : HHH008540: Processing PersistenceUnitInfo [name: default]
2026-09-25T23:07:57.322+03:00  INFO 36552 --- [shoplink-backend] [           main] org.hibernate.orm.core                   : HHH000001: Hibernate ORM core version 7.2.12.Final
2026-09-25T23:07:58.379+03:00  INFO 36552 --- [shoplink-backend] [           main] o.s.o.j.p.SpringPersistenceUnitInfo      : No LoadTimeWeaver setup: ignoring JPA class transformer
2026-09-25T23:07:58.558+03:00  INFO 36552 --- [shoplink-backend] [           main] org.hibernate.orm.connections.pooling    : HHH10001005: Database info:
	Database JDBC URL [jdbc:postgresql://127.0.0.1:55432/khangates_m214_prod]
	Database driver: PostgreSQL JDBC Driver
	Database dialect: PostgreSQLDialect
	Database version: 16.15
	Default catalog/schema: khangates_m214_prod/public
	Autocommit mode: undefined/unknown
	Isolation level: READ_COMMITTED [default READ_COMMITTED]
	JDBC fetch size: none
	Pool: DataSourceConnectionProvider
	Minimum pool size: undefined/unknown
	Maximum pool size: undefined/unknown
2026-09-25T23:08:02.429+03:00  INFO 36552 --- [shoplink-backend] [           main] org.hibernate.orm.core                   : HHH000489: No JTA platform available (set 'hibernate.transaction.jta.platform' to enable JTA platform integration)
2026-09-25T23:08:02.535+03:00  INFO 36552 --- [shoplink-backend] [           main] j.LocalContainerEntityManagerFactoryBean : Initialized JPA EntityManagerFactory for persistence unit 'default'
2026-09-25T23:08:02.765+03:00  INFO 36552 --- [shoplink-backend] [           main] o.s.d.j.r.query.QueryEnhancerFactories   : Hibernate is in classpath; If applicable, HQL parser will be used.
2026-09-25T23:08:11.154+03:00  INFO 36552 --- [shoplink-backend] [           main] c.b.s.c.ProductionSecurityValidator      : Validating production security configuration
2026-09-25T23:08:15.811+03:00  INFO 36552 --- [shoplink-backend] [           main] o.s.b.a.e.web.EndpointLinksResolver      : Exposing 1 endpoint beneath base path '/actuator'
2026-09-25T23:08:16.145+03:00  INFO 36552 --- [shoplink-backend] [           main] o.a.t.util.net.NioEndpoint.certificate   : Connector [https-jsse-nio-18443], TLS virtual host [_default_], certificate type [UNDEFINED] configured from keystore [Set directly - location unknown] using alias [m214] with trust store [null]
2026-09-25T23:08:16.179+03:00  INFO 36552 --- [shoplink-backend] [           main] o.s.boot.tomcat.TomcatWebServer          : Tomcat started on port 18443 (https) with context path '/'
2026-09-25T23:08:16.203+03:00  INFO 36552 --- [shoplink-backend] [           main] c.b.shoplink.ShoplinkBackendApplication  : Started ShoplinkBackendApplication in 33.473 seconds (process running for 33.985)
2026-09-25T23:08:16.294+03:00  INFO 36552 --- [shoplink-backend] [           main] c.b.s.c.ProductionSecurityValidator      : Validating production security configuration
2026-09-25T23:08:16.920+03:00  INFO 36552 --- [shoplink-backend] [io-18443-exec-5] o.a.c.c.C.[Tomcat].[localhost].[/]       : Initializing Spring DispatcherServlet 'dispatcherServlet'
2026-09-25T23:08:19.072+03:00  INFO 36552 --- [shoplink-backend] [io-18443-exec-5] c.b.s.s.n.EmailNotificationService       : Transactional email skipped: delivery disabled or unconfigured
2026-09-25T23:08:19.757+03:00  INFO 36552 --- [shoplink-backend] [io-18443-exec-6] c.b.s.s.n.EmailNotificationService       : Transactional email skipped: delivery disabled or unconfigured
2026-09-25T23:08:20.227+03:00  INFO 36552 --- [shoplink-backend] [io-18443-exec-7] c.b.s.s.n.EmailNotificationService       : Transactional email skipped: delivery disabled or unconfigured
2026-09-25T23:08:20.693+03:00  INFO 36552 --- [shoplink-backend] [io-18443-exec-8] c.b.s.s.n.EmailNotificationService       : Transactional email skipped: delivery disabled or unconfigured
2026-09-25T23:08:21.165+03:00  INFO 36552 --- [shoplink-backend] [io-18443-exec-9] c.b.s.s.n.EmailNotificationService       : Transactional email skipped: delivery disabled or unconfigured
2026-09-25T23:13:26.870+03:00  INFO 36552 --- [shoplink-backend] [io-18443-exec-1] c.b.s.s.n.EmailNotificationService       : Transactional email skipped: delivery disabled or unconfigured
2026-09-25T23:13:27.408+03:00  INFO 36552 --- [shoplink-backend] [io-18443-exec-6] c.b.s.s.n.EmailNotificationService       : Transactional email skipped: delivery disabled or unconfigured
2026-09-25T23:13:28.276+03:00  WARN 36552 --- [shoplink-backend] [io-18443-exec-1] c.b.s.s.security.SecurityAlertService    : SECURITY_ALERT type=REFRESH_TOKEN_REUSE_DETECTED user=ac5d4730-9a1d-49fe-84bf-f5b35ad8791d riskScore=100
2026-09-25T23:13:28.863+03:00  WARN 36552 --- [shoplink-backend] [io-18443-exec-6] c.b.s.s.security.SecurityAlertService    : SECURITY_ALERT type=REFRESH_TOKEN_REUSE_DETECTED user=ac5d4730-9a1d-49fe-84bf-f5b35ad8791d riskScore=100
2026-09-25T23:13:28.970+03:00  WARN 36552 --- [shoplink-backend] [io-18443-exec-1] c.b.s.s.security.SecurityAlertService    : SECURITY_ALERT type=REFRESH_TOKEN_REUSE_DETECTED user=57dffbc5-4ebe-4189-a347-f34e4854af99 riskScore=100
2026-09-25T23:13:29.005+03:00  WARN 36552 --- [shoplink-backend] [io-18443-exec-2] c.b.s.s.security.SecurityAlertService    : SECURITY_ALERT type=REFRESH_TOKEN_REUSE_DETECTED user=ac5d4730-9a1d-49fe-84bf-f5b35ad8791d riskScore=100
2026-09-25T23:13:29.651+03:00  WARN 36552 --- [shoplink-backend] [o-18443-exec-10] c.b.s.s.security.SecurityAlertService    : SECURITY_ALERT type=REFRESH_TOKEN_REUSE_DETECTED user=658736d0-2b44-4c65-97a7-eee3af0b0b6d riskScore=100
2026-09-25T23:13:30.300+03:00  WARN 36552 --- [shoplink-backend] [o-18443-exec-10] c.b.s.s.security.SecurityAlertService    : ADMIN_LOGIN_FAILED
2026-09-25T23:13:31.288+03:00  WARN 36552 --- [shoplink-backend] [io-18443-exec-8] ration$PageModule$WarningLoggingModifier : Serializing PageImpl instances as-is is not supported, meaning that there is no guarantee about the stability of the resulting JSON structure!
	For a stable JSON structure, please use Spring Data's PagedModel (globally via @EnableSpringDataWebSupport(pageSerializationMode = VIA_DTO))
	or Spring HATEOAS and Spring Data's PagedResourcesAssembler as documented in https://docs.spring.io/spring-data/commons/reference/repositories/core-extensions.html#core.web.pageables.

2026-09-25T23:13:31.916+03:00  WARN 36552 --- [shoplink-backend] [io-18443-exec-8] c.b.s.s.security.SecurityAlertService    : SECURITY_ALERT type=REFRESH_TOKEN_REUSE_DETECTED user=d636410a-d438-4975-b08d-dd092fe24f0d riskScore=100
2026-09-25T23:13:37.226+03:00  INFO 36552 --- [shoplink-backend] [io-18443-exec-5] c.b.s.s.n.EmailNotificationService       : Transactional email skipped: delivery disabled or unconfigured
2026-09-25T23:13:37.918+03:00  INFO 36552 --- [shoplink-backend] [io-18443-exec-3] c.b.s.s.n.EmailNotificationService       : Transactional email skipped: delivery disabled or unconfigured
2026-09-25T23:14:51.808+03:00  INFO 36552 --- [shoplink-backend] [o-18443-exec-10] c.b.s.s.n.EmailNotificationService       : Transactional email skipped: delivery disabled or unconfigured
2026-09-25T23:14:52.216+03:00  WARN 36552 --- [shoplink-backend] [o-18443-exec-10] c.b.s.s.security.SecurityAlertService    : ADMIN_LOGIN_FAILED
2026-09-25T23:14:52.236+03:00  WARN 36552 --- [shoplink-backend] [io-18443-exec-2] c.b.s.s.security.SecurityAlertService    : ADMIN_LOGIN_FAILED
2026-09-25T23:14:52.255+03:00  WARN 36552 --- [shoplink-backend] [io-18443-exec-6] c.b.s.s.security.SecurityAlertService    : ADMIN_LOGIN_FAILED
2026-09-25T23:14:52.274+03:00  WARN 36552 --- [shoplink-backend] [io-18443-exec-9] c.b.s.s.security.SecurityAlertService    : ADMIN_LOGIN_FAILED
2026-09-25T23:14:52.294+03:00  WARN 36552 --- [shoplink-backend] [io-18443-exec-7] c.b.s.s.security.SecurityAlertService    : ADMIN_LOGIN_FAILED
