[INFO] Scanning for projects...
[INFO] 
[INFO] --------------------< com.byonix:shoplink-backend >---------------------
[INFO] Building shoplink-backend 0.0.1-SNAPSHOT
[INFO]   from pom.xml
[INFO] --------------------------------[ jar ]---------------------------------
[INFO] 
[INFO] --- resources:3.3.1:resources (default-resources) @ shoplink-backend ---
[INFO] Copying 3 resources from src\main\resources to target\classes
[INFO] Copying 36 resources from src\main\resources to target\classes
[INFO] 
[INFO] --- compiler:3.14.1:compile (default-compile) @ shoplink-backend ---
[INFO] Nothing to compile - all classes are up to date.
[INFO] 
[INFO] --- resources:3.3.1:testResources (default-testResources) @ shoplink-backend ---
[INFO] Copying 1 resource from src\test\resources to target\test-classes
[INFO] 
[INFO] --- compiler:3.14.1:testCompile (default-testCompile) @ shoplink-backend ---
[INFO] Nothing to compile - all classes are up to date.
[INFO] 
[INFO] --- surefire:3.5.5:test (default-test) @ shoplink-backend ---
[INFO] Using auto detected provider org.apache.maven.surefire.junitplatform.JUnitPlatformProvider
[INFO] 
[INFO] -------------------------------------------------------
[INFO]  T E S T S
[INFO] -------------------------------------------------------
[INFO] Running com.byonix.shoplink.api.AuthLogoutResponseTest
OpenJDK 64-Bit Server VM warning: Sharing is only supported for boot loader classes because bootstrap classpath has been appended
[INFO] Tests run: 2, Failures: 0, Errors: 0, Skipped: 0, Time elapsed: 4.129 s -- in com.byonix.shoplink.api.AuthLogoutResponseTest
[INFO] Running com.byonix.shoplink.api.CustomerProfileControllerTest
[INFO] Tests run: 3, Failures: 0, Errors: 0, Skipped: 0, Time elapsed: 0.748 s -- in com.byonix.shoplink.api.CustomerProfileControllerTest
[INFO] Running com.byonix.shoplink.api.dto.validation.OrderLookupValidatorTest
[INFO] Tests run: 4, Failures: 0, Errors: 0, Skipped: 0, Time elapsed: 0.036 s -- in com.byonix.shoplink.api.dto.validation.OrderLookupValidatorTest
[INFO] Running com.byonix.shoplink.AuthFailurePersistenceIT
01:10:00.091 [main] INFO org.springframework.test.context.support.AnnotationConfigContextLoaderUtils -- Could not detect default configuration classes for test class [com.byonix.shoplink.support.ApiIT]: ApiIT does not declare any static, non-private, non-final, nested classes annotated with @Configuration.
01:10:00.627 [main] INFO org.springframework.boot.test.context.SpringBootTestContextBootstrapper -- Found @SpringBootConfiguration com.byonix.shoplink.ShoplinkBackendApplication for test class com.byonix.shoplink.AuthFailurePersistenceIT

  .   ____          _            __ _ _
 /\\ / ___'_ __ _ _(_)_ __  __ _ \ \ \ \
( ( )\___ | '_ | '_| | '_ \/ _` | \ \ \ \
 \\/  ___)| |_)| | | | | || (_| |  ) ) ) )
  '  |____| .__|_| |_|_| |_\__, | / / / /
 =========|_|==============|___/=/_/_/_/

 :: Spring Boot ::                (v4.0.6)

2026-09-26T01:10:02.357+03:00  INFO 38556 --- [shoplink-backend] [           main] org.testcontainers.images.PullPolicy     : Image pull policy will be performed by: DefaultPullPolicy()
2026-09-26T01:10:02.367+03:00  INFO 38556 --- [shoplink-backend] [           main] o.t.utility.ImageNameSubstitutor         : Image name substitution will be performed by: DefaultImageNameSubstitutor (composite of 'ConfigurationFileImageNameSubstitutor' and 'PrefixingImageNameSubstitutor')
2026-09-26T01:10:02.394+03:00  INFO 38556 --- [shoplink-backend] [           main] org.testcontainers.DockerClientFactory   : Testcontainers version: 2.0.5
2026-09-26T01:10:03.341+03:00  INFO 38556 --- [shoplink-backend] [           main] o.t.d.DockerClientProviderStrategy       : Loaded org.testcontainers.dockerclient.NpipeSocketClientProviderStrategy from ~/.testcontainers.properties, will try it first
2026-09-26T01:10:05.249+03:00  INFO 38556 --- [shoplink-backend] [           main] o.t.d.DockerClientProviderStrategy       : Found Docker environment with local Npipe socket (npipe:////./pipe/docker_engine)
2026-09-26T01:10:05.251+03:00  INFO 38556 --- [shoplink-backend] [           main] org.testcontainers.DockerClientFactory   : Docker host IP address is localhost
2026-09-26T01:10:05.285+03:00  INFO 38556 --- [shoplink-backend] [           main] org.testcontainers.DockerClientFactory   : Connected to docker: 
  Server Version: 29.7.2
  API Version: 1.55
  Operating System: Docker Desktop
  Total Memory: 15798 MB
  Labels: 
    com.docker.desktop.address=npipe://\\.\pipe\docker_cli
2026-09-26T01:10:05.548+03:00  INFO 38556 --- [shoplink-backend] [           main] tc.testcontainers/ryuk:0.14.0            : Creating container for image: testcontainers/ryuk:0.14.0
2026-09-26T01:10:05.950+03:00  INFO 38556 --- [shoplink-backend] [           main] tc.testcontainers/ryuk:0.14.0            : Container testcontainers/ryuk:0.14.0 is starting: 2f4fcb77f2d4bf9fe310928284cad1b91ef225046a68b614196fa0aa73e7833a
2026-09-26T01:10:06.457+03:00  INFO 38556 --- [shoplink-backend] [           main] tc.testcontainers/ryuk:0.14.0            : Container testcontainers/ryuk:0.14.0 started in PT0.9082528S
2026-09-26T01:10:06.469+03:00  INFO 38556 --- [shoplink-backend] [           main] o.t.utility.RyukResourceReaper           : Ryuk started - will monitor and terminate Testcontainers containers on JVM exit
2026-09-26T01:10:06.470+03:00  INFO 38556 --- [shoplink-backend] [           main] org.testcontainers.DockerClientFactory   : Checking the system...
2026-09-26T01:10:06.471+03:00  INFO 38556 --- [shoplink-backend] [           main] org.testcontainers.DockerClientFactory   : ?? Docker server version should be at least 1.6.0
2026-09-26T01:10:06.474+03:00  INFO 38556 --- [shoplink-backend] [           main] tc.postgres:16-alpine                    : Creating container for image: postgres:16-alpine
2026-09-26T01:10:06.569+03:00  INFO 38556 --- [shoplink-backend] [           main] tc.postgres:16-alpine                    : Container postgres:16-alpine is starting: 11100d9769948cc275034a4597b8087aa057ae277f8732bae80672a331f3a34e
2026-09-26T01:10:08.587+03:00  INFO 38556 --- [shoplink-backend] [           main] tc.postgres:16-alpine                    : Container postgres:16-alpine started in PT2.1137991S
2026-09-26T01:10:08.589+03:00  INFO 38556 --- [shoplink-backend] [           main] tc.postgres:16-alpine                    : Container is started (JDBC URL: jdbc:postgresql://localhost:62260/test?loggerLevel=OFF)
2026-09-26T01:10:08.597+03:00  INFO 38556 --- [shoplink-backend] [           main] c.b.shoplink.AuthFailurePersistenceIT    : Starting AuthFailurePersistenceIT using Java 17.0.18 with PID 38556 (started by user in C:\Users\user\Desktop\shop\shoplink_backend)
2026-09-26T01:10:08.600+03:00  INFO 38556 --- [shoplink-backend] [           main] c.b.shoplink.AuthFailurePersistenceIT    : The following 1 profile is active: "test"
2026-09-26T01:10:12.098+03:00  INFO 38556 --- [shoplink-backend] [           main] .s.d.r.c.RepositoryConfigurationDelegate : Bootstrapping Spring Data JPA repositories in DEFAULT mode.
2026-09-26T01:10:12.394+03:00  INFO 38556 --- [shoplink-backend] [           main] .s.d.r.c.RepositoryConfigurationDelegate : Finished Spring Data repository scanning in 275 ms. Found 30 JPA repository interfaces.
2026-09-26T01:10:16.883+03:00  INFO 38556 --- [shoplink-backend] [           main] com.zaxxer.hikari.HikariDataSource       : HikariPool-1 - Starting...
2026-09-26T01:10:17.281+03:00  INFO 38556 --- [shoplink-backend] [           main] com.zaxxer.hikari.pool.HikariPool        : HikariPool-1 - Added connection org.postgresql.jdbc.PgConnection@3ef97efc
2026-09-26T01:10:17.284+03:00  INFO 38556 --- [shoplink-backend] [           main] com.zaxxer.hikari.HikariDataSource       : HikariPool-1 - Start completed.
2026-09-26T01:10:17.393+03:00  INFO 38556 --- [shoplink-backend] [           main] org.flywaydb.core.FlywayExecutor         : Database: jdbc:postgresql://localhost:62260/test?loggerLevel=OFF (PostgreSQL 16.15)
2026-09-26T01:10:17.695+03:00  INFO 38556 --- [shoplink-backend] [           main] o.f.c.i.s.JdbcTableSchemaHistory         : Schema history table "public"."flyway_schema_history" does not exist yet
2026-09-26T01:10:17.727+03:00  INFO 38556 --- [shoplink-backend] [           main] o.f.core.internal.command.DbValidate     : Successfully validated 36 migrations (execution time 00:00.190s)
2026-09-26T01:10:17.782+03:00  INFO 38556 --- [shoplink-backend] [           main] o.f.c.i.s.JdbcTableSchemaHistory         : Creating Schema History table "public"."flyway_schema_history" ...
2026-09-26T01:10:18.000+03:00  INFO 38556 --- [shoplink-backend] [           main] o.f.core.internal.command.DbMigrate      : Current version of schema "public": << Empty Schema >>
2026-09-26T01:10:18.074+03:00  INFO 38556 --- [shoplink-backend] [           main] o.f.core.internal.command.DbMigrate      : Migrating schema "public" to version "1 - init schema"
2026-09-26T01:10:18.262+03:00  INFO 38556 --- [shoplink-backend] [           main] o.f.core.internal.command.DbMigrate      : Migrating schema "public" to version "2 - seed business categories"
2026-09-26T01:10:18.295+03:00  INFO 38556 --- [shoplink-backend] [           main] o.f.core.internal.command.DbMigrate      : Migrating schema "public" to version "3 - seed restaurant templates"
2026-09-26T01:10:18.333+03:00  INFO 38556 --- [shoplink-backend] [           main] o.f.core.internal.command.DbMigrate      : Migrating schema "public" to version "4 - seed demo restaurant store"
2026-09-26T01:10:18.372+03:00  INFO 38556 --- [shoplink-backend] [           main] o.f.core.internal.command.DbMigrate      : Migrating schema "public" to version "5 - email verify and password reset"
2026-09-26T01:10:18.417+03:00  INFO 38556 --- [shoplink-backend] [           main] o.f.core.internal.command.DbMigrate      : Migrating schema "public" to version "6 - daily store sales view"
2026-09-26T01:10:18.449+03:00  INFO 38556 --- [shoplink-backend] [           main] o.f.core.internal.command.DbMigrate      : Migrating schema "public" to version "7 - daily store sales table"
2026-09-26T01:10:18.494+03:00  INFO 38556 --- [shoplink-backend] [           main] o.f.core.internal.command.DbMigrate      : Migrating schema "public" to version "8 - login security"
2026-09-26T01:10:18.580+03:00  INFO 38556 --- [shoplink-backend] [           main] o.f.core.internal.command.DbMigrate      : Migrating schema "public" to version "9 - production auth hardening"
2026-09-26T01:10:18.616+03:00  INFO 38556 --- [shoplink-backend] [           main] o.f.core.internal.command.DbMigrate      : Migrating schema "public" to version "10 - refresh token session scope"
2026-09-26T01:10:18.626+03:00  INFO 38556 --- [shoplink-backend] [           main] o.f.c.i.s.DefaultSqlScriptExecutor       : DB: constraint "refresh_tokens_session_scope_check" of relation "refresh_tokens" does not exist, skipping
2026-09-26T01:10:18.650+03:00  INFO 38556 --- [shoplink-backend] [           main] o.f.core.internal.command.DbMigrate      : Migrating schema "public" to version "11 - customer auth and oauth"
2026-09-26T01:10:18.680+03:00  INFO 38556 --- [shoplink-backend] [           main] o.f.core.internal.command.DbMigrate      : Migrating schema "public" to version "12 - align store template key with sub category"
2026-09-26T01:10:18.704+03:00  INFO 38556 --- [shoplink-backend] [           main] o.f.core.internal.command.DbMigrate      : Migrating schema "public" to version "13 - add coffee beans subcategory"
2026-09-26T01:10:18.731+03:00  INFO 38556 --- [shoplink-backend] [           main] o.f.core.internal.command.DbMigrate      : Migrating schema "public" to version "14 - add coffee smooth subcategory"
2026-09-26T01:10:18.758+03:00  INFO 38556 --- [shoplink-backend] [           main] o.f.core.internal.command.DbMigrate      : Migrating schema "public" to version "15 - nullable user email"
2026-09-26T01:10:18.785+03:00  INFO 38556 --- [shoplink-backend] [           main] o.f.core.internal.command.DbMigrate      : Migrating schema "public" to version "16 - link orders to customer"
2026-09-26T01:10:18.814+03:00  INFO 38556 --- [shoplink-backend] [           main] o.f.core.internal.command.DbMigrate      : Migrating schema "public" to version "17 - delivery zones"
2026-09-26T01:10:18.846+03:00  INFO 38556 --- [shoplink-backend] [           main] o.f.core.internal.command.DbMigrate      : Migrating schema "public" to version "18 - phone otp verification"
2026-09-26T01:10:18.878+03:00  INFO 38556 --- [shoplink-backend] [           main] o.f.core.internal.command.DbMigrate      : Migrating schema "public" to version "19 - store creation idempotency"
2026-09-26T01:10:18.905+03:00  INFO 38556 --- [shoplink-backend] [           main] o.f.core.internal.command.DbMigrate      : Migrating schema "public" to version "20 - staff invites"
2026-09-26T01:10:18.942+03:00  INFO 38556 --- [shoplink-backend] [           main] o.f.core.internal.command.DbMigrate      : Migrating schema "public" to version "21 - product stock"
2026-09-26T01:10:18.965+03:00  INFO 38556 --- [shoplink-backend] [           main] o.f.core.internal.command.DbMigrate      : Migrating schema "public" to version "22 - customer order fk on delete"
2026-09-26T01:10:18.995+03:00  INFO 38556 --- [shoplink-backend] [           main] o.f.core.internal.command.DbMigrate      : Migrating schema "public" to version "23 - offers"
2026-09-26T01:10:19.029+03:00  INFO 38556 --- [shoplink-backend] [           main] o.f.core.internal.command.DbMigrate      : Migrating schema "public" to version "24 - staff permissions"
2026-09-26T01:10:19.060+03:00  INFO 38556 --- [shoplink-backend] [           main] o.f.core.internal.command.DbMigrate      : Migrating schema "public" to version "25 - appointments"
2026-09-26T01:10:19.101+03:00  INFO 38556 --- [shoplink-backend] [           main] o.f.core.internal.command.DbMigrate      : Migrating schema "public" to version "26 - store theme content"
2026-09-26T01:10:19.136+03:00  INFO 38556 --- [shoplink-backend] [           main] o.f.core.internal.command.DbMigrate      : Migrating schema "public" to version "27 - staff permissions storefront section"
2026-09-26T01:10:19.164+03:00  INFO 38556 --- [shoplink-backend] [           main] o.f.core.internal.command.DbMigrate      : Migrating schema "public" to version "28 - product variants"
2026-09-26T01:10:19.225+03:00  INFO 38556 --- [shoplink-backend] [           main] o.f.core.internal.command.DbMigrate      : Migrating schema "public" to version "29 - product modifiers"
2026-09-26T01:10:19.269+03:00  INFO 38556 --- [shoplink-backend] [           main] o.f.core.internal.command.DbMigrate      : Migrating schema "public" to version "30 - inventory"
2026-09-26T01:10:19.306+03:00  INFO 38556 --- [shoplink-backend] [           main] o.f.core.internal.command.DbMigrate      : Migrating schema "public" to version "31 - product images"
2026-09-26T01:10:19.336+03:00  INFO 38556 --- [shoplink-backend] [           main] o.f.core.internal.command.DbMigrate      : Migrating schema "public" to version "32 - order payment status"
2026-09-26T01:10:19.360+03:00  INFO 38556 --- [shoplink-backend] [           main] o.f.core.internal.command.DbMigrate      : Migrating schema "public" to version "33 - store currency timezone locale and order currency"
2026-09-26T01:10:19.387+03:00  INFO 38556 --- [shoplink-backend] [           main] o.f.core.internal.command.DbMigrate      : Migrating schema "public" to version "34 - store business hours"
2026-09-26T01:10:19.419+03:00  INFO 38556 --- [shoplink-backend] [           main] o.f.core.internal.command.DbMigrate      : Migrating schema "public" to version "35 - store accepting orders"
2026-09-26T01:10:19.442+03:00  INFO 38556 --- [shoplink-backend] [           main] o.f.core.internal.command.DbMigrate      : Migrating schema "public" to version "36 - pos devices"
2026-09-26T01:10:19.477+03:00  INFO 38556 --- [shoplink-backend] [           main] o.f.core.internal.command.DbMigrate      : Successfully applied 36 migrations to schema "public", now at version v36 (execution time 00:00.686s)
2026-09-26T01:10:19.960+03:00  INFO 38556 --- [shoplink-backend] [           main] org.hibernate.orm.jpa                    : HHH008540: Processing PersistenceUnitInfo [name: default]
2026-09-26T01:10:20.354+03:00  INFO 38556 --- [shoplink-backend] [           main] org.hibernate.orm.core                   : HHH000001: Hibernate ORM core version 7.2.12.Final
2026-09-26T01:10:21.552+03:00  INFO 38556 --- [shoplink-backend] [           main] o.s.o.j.p.SpringPersistenceUnitInfo      : No LoadTimeWeaver setup: ignoring JPA class transformer
2026-09-26T01:10:21.850+03:00  INFO 38556 --- [shoplink-backend] [           main] org.hibernate.orm.connections.pooling    : HHH10001005: Database info:
	Database JDBC URL [jdbc:postgresql://localhost:62260/test?loggerLevel=OFF]
	Database driver: PostgreSQL JDBC Driver
	Database dialect: PostgreSQLDialect
	Database version: 16.15
	Default catalog/schema: test/public
	Autocommit mode: undefined/unknown
	Isolation level: READ_COMMITTED [default READ_COMMITTED]
	JDBC fetch size: none
	Pool: DataSourceConnectionProvider
	Minimum pool size: undefined/unknown
	Maximum pool size: undefined/unknown
2026-09-26T01:10:25.779+03:00  INFO 38556 --- [shoplink-backend] [           main] org.hibernate.orm.core                   : HHH000489: No JTA platform available (set 'hibernate.transaction.jta.platform' to enable JTA platform integration)
2026-09-26T01:10:25.900+03:00  INFO 38556 --- [shoplink-backend] [           main] j.LocalContainerEntityManagerFactoryBean : Initialized JPA EntityManagerFactory for persistence unit 'default'
2026-09-26T01:10:26.133+03:00  INFO 38556 --- [shoplink-backend] [           main] o.s.d.j.r.query.QueryEnhancerFactories   : Hibernate is in classpath; If applicable, HQL parser will be used.
2026-09-26T01:10:37.142+03:00  INFO 38556 --- [shoplink-backend] [           main] r$InitializeUserDetailsManagerConfigurer : Global AuthenticationManager configured with UserDetailsService bean with name appUserDetailsService
2026-09-26T01:10:42.730+03:00  INFO 38556 --- [shoplink-backend] [           main] o.s.b.a.e.web.EndpointLinksResolver      : Exposing 1 endpoint beneath base path '/actuator'
2026-09-26T01:10:43.238+03:00  INFO 38556 --- [shoplink-backend] [           main] c.b.shoplink.AuthFailurePersistenceIT    : Started AuthFailurePersistenceIT in 42.101 seconds (process running for 51.739)
2026-09-26T01:10:43.709+03:00  INFO 38556 --- [shoplink-backend] [           main] o.s.b.t.m.w.SpringBootMockServletContext : Initializing Spring TestDispatcherServlet ''
2026-09-26T01:10:43.710+03:00  INFO 38556 --- [shoplink-backend] [           main] o.s.t.web.servlet.TestDispatcherServlet  : Initializing Servlet ''
2026-09-26T01:10:43.717+03:00  INFO 38556 --- [shoplink-backend] [           main] o.s.t.web.servlet.TestDispatcherServlet  : Completed initialization in 7 ms
2026-09-26T01:10:44.902+03:00  WARN 38556 --- [shoplink-backend] [           main] o.s.s.c.bcrypt.BCryptPasswordEncoder     : Encoded password does not look like BCrypt
2026-09-26T01:10:45.162+03:00  INFO 38556 --- [shoplink-backend] [           main] o.s.b.t.m.w.SpringBootMockServletContext : Initializing Spring TestDispatcherServlet ''
2026-09-26T01:10:45.163+03:00  INFO 38556 --- [shoplink-backend] [           main] o.s.t.web.servlet.TestDispatcherServlet  : Initializing Servlet ''
2026-09-26T01:10:45.165+03:00  INFO 38556 --- [shoplink-backend] [           main] o.s.t.web.servlet.TestDispatcherServlet  : Completed initialization in 2 ms
2026-09-26T01:10:46.645+03:00  WARN 38556 --- [shoplink-backend] [           main] c.b.s.s.security.SecurityAlertService    : SECURITY_ALERT type=REFRESH_TOKEN_REUSE_DETECTED user=ff0c634b-d5e2-4f26-ba31-ffe4ac3ba310 riskScore=100
[INFO] Tests run: 2, Failures: 0, Errors: 0, Skipped: 0, Time elapsed: 48.28 s -- in com.byonix.shoplink.AuthFailurePersistenceIT
[INFO] Running com.byonix.shoplink.CatalogCategoriesSkuIT
2026-09-26T01:10:46.750+03:00  INFO 38556 --- [shoplink-backend] [           main] t.c.s.AnnotationConfigContextLoaderUtils : Could not detect default configuration classes for test class [com.byonix.shoplink.support.ApiIT]: ApiIT does not declare any static, non-private, non-final, nested classes annotated with @Configuration.
2026-09-26T01:10:46.755+03:00  INFO 38556 --- [shoplink-backend] [           main] .b.t.c.SpringBootTestContextBootstrapper : Found @SpringBootConfiguration com.byonix.shoplink.ShoplinkBackendApplication for test class com.byonix.shoplink.CatalogCategoriesSkuIT
2026-09-26T01:10:46.771+03:00  INFO 38556 --- [shoplink-backend] [           main] o.s.b.t.m.w.SpringBootMockServletContext : Initializing Spring TestDispatcherServlet ''
2026-09-26T01:10:46.771+03:00  INFO 38556 --- [shoplink-backend] [           main] o.s.t.web.servlet.TestDispatcherServlet  : Initializing Servlet ''
2026-09-26T01:10:46.774+03:00  INFO 38556 --- [shoplink-backend] [           main] o.s.t.web.servlet.TestDispatcherServlet  : Completed initialization in 1 ms
2026-09-26T01:10:47.342+03:00  INFO 38556 --- [shoplink-backend] [           main] o.s.b.t.m.w.SpringBootMockServletContext : Initializing Spring TestDispatcherServlet ''
2026-09-26T01:10:47.342+03:00  INFO 38556 --- [shoplink-backend] [           main] o.s.t.web.servlet.TestDispatcherServlet  : Initializing Servlet ''
2026-09-26T01:10:47.345+03:00  INFO 38556 --- [shoplink-backend] [           main] o.s.t.web.servlet.TestDispatcherServlet  : Completed initialization in 3 ms
2026-09-26T01:10:47.731+03:00  INFO 38556 --- [shoplink-backend] [           main] o.s.b.t.m.w.SpringBootMockServletContext : Initializing Spring TestDispatcherServlet ''
2026-09-26T01:10:47.731+03:00  INFO 38556 --- [shoplink-backend] [           main] o.s.t.web.servlet.TestDispatcherServlet  : Initializing Servlet ''
2026-09-26T01:10:47.734+03:00  INFO 38556 --- [shoplink-backend] [           main] o.s.t.web.servlet.TestDispatcherServlet  : Completed initialization in 2 ms
2026-09-26T01:10:47.947+03:00  INFO 38556 --- [shoplink-backend] [           main] o.s.b.t.m.w.SpringBootMockServletContext : Initializing Spring TestDispatcherServlet ''
2026-09-26T01:10:47.947+03:00  INFO 38556 --- [shoplink-backend] [           main] o.s.t.web.servlet.TestDispatcherServlet  : Initializing Servlet ''
2026-09-26T01:10:47.951+03:00  INFO 38556 --- [shoplink-backend] [           main] o.s.t.web.servlet.TestDispatcherServlet  : Completed initialization in 4 ms
2026-09-26T01:10:48.112+03:00  INFO 38556 --- [shoplink-backend] [           main] o.s.b.t.m.w.SpringBootMockServletContext : Initializing Spring TestDispatcherServlet ''
2026-09-26T01:10:48.112+03:00  INFO 38556 --- [shoplink-backend] [           main] o.s.t.web.servlet.TestDispatcherServlet  : Initializing Servlet ''
2026-09-26T01:10:48.114+03:00  INFO 38556 --- [shoplink-backend] [           main] o.s.t.web.servlet.TestDispatcherServlet  : Completed initialization in 1 ms
2026-09-26T01:10:48.206+03:00  INFO 38556 --- [shoplink-backend] [           main] o.s.b.t.m.w.SpringBootMockServletContext : Initializing Spring TestDispatcherServlet ''
2026-09-26T01:10:48.206+03:00  INFO 38556 --- [shoplink-backend] [           main] o.s.t.web.servlet.TestDispatcherServlet  : Initializing Servlet ''
2026-09-26T01:10:48.209+03:00  INFO 38556 --- [shoplink-backend] [           main] o.s.t.web.servlet.TestDispatcherServlet  : Completed initialization in 3 ms
[INFO] Tests run: 6, Failures: 0, Errors: 0, Skipped: 0, Time elapsed: 1.713 s -- in com.byonix.shoplink.CatalogCategoriesSkuIT
[INFO] Running com.byonix.shoplink.CatalogModifiersIT
2026-09-26T01:10:48.463+03:00  INFO 38556 --- [shoplink-backend] [           main] t.c.s.AnnotationConfigContextLoaderUtils : Could not detect default configuration classes for test class [com.byonix.shoplink.support.ApiIT]: ApiIT does not declare any static, non-private, non-final, nested classes annotated with @Configuration.
2026-09-26T01:10:48.466+03:00  INFO 38556 --- [shoplink-backend] [           main] .b.t.c.SpringBootTestContextBootstrapper : Found @SpringBootConfiguration com.byonix.shoplink.ShoplinkBackendApplication for test class com.byonix.shoplink.CatalogModifiersIT
2026-09-26T01:10:48.475+03:00  INFO 38556 --- [shoplink-backend] [           main] o.s.b.t.m.w.SpringBootMockServletContext : Initializing Spring TestDispatcherServlet ''
2026-09-26T01:10:48.475+03:00  INFO 38556 --- [shoplink-backend] [           main] o.s.t.web.servlet.TestDispatcherServlet  : Initializing Servlet ''
2026-09-26T01:10:48.477+03:00  INFO 38556 --- [shoplink-backend] [           main] o.s.t.web.servlet.TestDispatcherServlet  : Completed initialization in 2 ms
2026-09-26T01:10:49.016+03:00  INFO 38556 --- [shoplink-backend] [           main] o.s.b.t.m.w.SpringBootMockServletContext : Initializing Spring TestDispatcherServlet ''
2026-09-26T01:10:49.017+03:00  INFO 38556 --- [shoplink-backend] [           main] o.s.t.web.servlet.TestDispatcherServlet  : Initializing Servlet ''
2026-09-26T01:10:49.019+03:00  INFO 38556 --- [shoplink-backend] [           main] o.s.t.web.servlet.TestDispatcherServlet  : Completed initialization in 2 ms
2026-09-26T01:10:49.566+03:00  INFO 38556 --- [shoplink-backend] [           main] o.s.b.t.m.w.SpringBootMockServletContext : Initializing Spring TestDispatcherServlet ''
2026-09-26T01:10:49.567+03:00  INFO 38556 --- [shoplink-backend] [           main] o.s.t.web.servlet.TestDispatcherServlet  : Initializing Servlet ''
2026-09-26T01:10:49.569+03:00  INFO 38556 --- [shoplink-backend] [           main] o.s.t.web.servlet.TestDispatcherServlet  : Completed initialization in 2 ms
2026-09-26T01:10:50.070+03:00  INFO 38556 --- [shoplink-backend] [           main] o.s.b.t.m.w.SpringBootMockServletContext : Initializing Spring TestDispatcherServlet ''
2026-09-26T01:10:50.070+03:00  INFO 38556 --- [shoplink-backend] [           main] o.s.t.web.servlet.TestDispatcherServlet  : Initializing Servlet ''
2026-09-26T01:10:50.074+03:00  INFO 38556 --- [shoplink-backend] [           main] o.s.t.web.servlet.TestDispatcherServlet  : Completed initialization in 4 ms
2026-09-26T01:10:50.517+03:00  INFO 38556 --- [shoplink-backend] [           main] o.s.b.t.m.w.SpringBootMockServletContext : Initializing Spring TestDispatcherServlet ''
2026-09-26T01:10:50.517+03:00  INFO 38556 --- [shoplink-backend] [           main] o.s.t.web.servlet.TestDispatcherServlet  : Initializing Servlet ''
2026-09-26T01:10:50.519+03:00  INFO 38556 --- [shoplink-backend] [           main] o.s.t.web.servlet.TestDispatcherServlet  : Completed initialization in 2 ms
2026-09-26T01:10:50.847+03:00  INFO 38556 --- [shoplink-backend] [           main] o.s.b.t.m.w.SpringBootMockServletContext : Initializing Spring TestDispatcherServlet ''
2026-09-26T01:10:50.847+03:00  INFO 38556 --- [shoplink-backend] [           main] o.s.t.web.servlet.TestDispatcherServlet  : Initializing Servlet ''
2026-09-26T01:10:50.850+03:00  INFO 38556 --- [shoplink-backend] [           main] o.s.t.web.servlet.TestDispatcherServlet  : Completed initialization in 3 ms
2026-09-26T01:10:51.344+03:00  INFO 38556 --- [shoplink-backend] [           main] o.s.b.t.m.w.SpringBootMockServletContext : Initializing Spring TestDispatcherServlet ''
2026-09-26T01:10:51.344+03:00  INFO 38556 --- [shoplink-backend] [           main] o.s.t.web.servlet.TestDispatcherServlet  : Initializing Servlet ''
2026-09-26T01:10:51.347+03:00  INFO 38556 --- [shoplink-backend] [           main] o.s.t.web.servlet.TestDispatcherServlet  : Completed initialization in 3 ms
2026-09-26T01:10:51.610+03:00  INFO 38556 --- [shoplink-backend] [           main] o.s.b.t.m.w.SpringBootMockServletContext : Initializing Spring TestDispatcherServlet ''
2026-09-26T01:10:51.610+03:00  INFO 38556 --- [shoplink-backend] [           main] o.s.t.web.servlet.TestDispatcherServlet  : Initializing Servlet ''
2026-09-26T01:10:51.613+03:00  INFO 38556 --- [shoplink-backend] [           main] o.s.t.web.servlet.TestDispatcherServlet  : Completed initialization in 3 ms
[INFO] Tests run: 8, Failures: 0, Errors: 0, Skipped: 0, Time elapsed: 3.588 s -- in com.byonix.shoplink.CatalogModifiersIT
[INFO] Running com.byonix.shoplink.CatalogVariantsIT
2026-09-26T01:10:52.053+03:00  INFO 38556 --- [shoplink-backend] [           main] t.c.s.AnnotationConfigContextLoaderUtils : Could not detect default configuration classes for test class [com.byonix.shoplink.support.ApiIT]: ApiIT does not declare any static, non-private, non-final, nested classes annotated with @Configuration.
2026-09-26T01:10:52.056+03:00  INFO 38556 --- [shoplink-backend] [           main] .b.t.c.SpringBootTestContextBootstrapper : Found @SpringBootConfiguration com.byonix.shoplink.ShoplinkBackendApplication for test class com.byonix.shoplink.CatalogVariantsIT
2026-09-26T01:10:52.064+03:00  INFO 38556 --- [shoplink-backend] [           main] o.s.b.t.m.w.SpringBootMockServletContext : Initializing Spring TestDispatcherServlet ''
2026-09-26T01:10:52.064+03:00  INFO 38556 --- [shoplink-backend] [           main] o.s.t.web.servlet.TestDispatcherServlet  : Initializing Servlet ''
2026-09-26T01:10:52.067+03:00  INFO 38556 --- [shoplink-backend] [           main] o.s.t.web.servlet.TestDispatcherServlet  : Completed initialization in 3 ms
2026-09-26T01:10:52.316+03:00  INFO 38556 --- [shoplink-backend] [           main] o.s.b.t.m.w.SpringBootMockServletContext : Initializing Spring TestDispatcherServlet ''
2026-09-26T01:10:52.316+03:00  INFO 38556 --- [shoplink-backend] [           main] o.s.t.web.servlet.TestDispatcherServlet  : Initializing Servlet ''
2026-09-26T01:10:52.318+03:00  INFO 38556 --- [shoplink-backend] [           main] o.s.t.web.servlet.TestDispatcherServlet  : Completed initialization in 1 ms
2026-09-26T01:10:52.551+03:00  INFO 38556 --- [shoplink-backend] [           main] o.s.b.t.m.w.SpringBootMockServletContext : Initializing Spring TestDispatcherServlet ''
2026-09-26T01:10:52.551+03:00  INFO 38556 --- [shoplink-backend] [           main] o.s.t.web.servlet.TestDispatcherServlet  : Initializing Servlet ''
2026-09-26T01:10:52.554+03:00  INFO 38556 --- [shoplink-backend] [           main] o.s.t.web.servlet.TestDispatcherServlet  : Completed initialization in 3 ms
2026-09-26T01:10:52.890+03:00  INFO 38556 --- [shoplink-backend] [           main] o.s.b.t.m.w.SpringBootMockServletContext : Initializing Spring TestDispatcherServlet ''
2026-09-26T01:10:52.890+03:00  INFO 38556 --- [shoplink-backend] [           main] o.s.t.web.servlet.TestDispatcherServlet  : Initializing Servlet ''
2026-09-26T01:10:52.893+03:00  INFO 38556 --- [shoplink-backend] [           main] o.s.t.web.servlet.TestDispatcherServlet  : Completed initialization in 3 ms
2026-09-26T01:10:53.201+03:00  INFO 38556 --- [shoplink-backend] [           main] o.s.b.t.m.w.SpringBootMockServletContext : Initializing Spring TestDispatcherServlet ''
2026-09-26T01:10:53.202+03:00  INFO 38556 --- [shoplink-backend] [           main] o.s.t.web.servlet.TestDispatcherServlet  : Initializing Servlet ''
2026-09-26T01:10:53.206+03:00  INFO 38556 --- [shoplink-backend] [           main] o.s.t.web.servlet.TestDispatcherServlet  : Completed initialization in 4 ms
2026-09-26T01:10:53.440+03:00  INFO 38556 --- [shoplink-backend] [           main] o.s.b.t.m.w.SpringBootMockServletContext : Initializing Spring TestDispatcherServlet ''
2026-09-26T01:10:53.440+03:00  INFO 38556 --- [shoplink-backend] [           main] o.s.t.web.servlet.TestDispatcherServlet  : Initializing Servlet ''
2026-09-26T01:10:53.443+03:00  INFO 38556 --- [shoplink-backend] [           main] o.s.t.web.servlet.TestDispatcherServlet  : Completed initialization in 3 ms
2026-09-26T01:10:53.723+03:00  INFO 38556 --- [shoplink-backend] [           main] o.s.b.t.m.w.SpringBootMockServletContext : Initializing Spring TestDispatcherServlet ''
2026-09-26T01:10:53.724+03:00  INFO 38556 --- [shoplink-backend] [           main] o.s.t.web.servlet.TestDispatcherServlet  : Initializing Servlet ''
2026-09-26T01:10:53.726+03:00  INFO 38556 --- [shoplink-backend] [           main] o.s.t.web.servlet.TestDispatcherServlet  : Completed initialization in 2 ms
2026-09-26T01:10:54.164+03:00  INFO 38556 --- [shoplink-backend] [           main] o.s.b.t.m.w.SpringBootMockServletContext : Initializing Spring TestDispatcherServlet ''
2026-09-26T01:10:54.164+03:00  INFO 38556 --- [shoplink-backend] [           main] o.s.t.web.servlet.TestDispatcherServlet  : Initializing Servlet ''
2026-09-26T01:10:54.168+03:00  INFO 38556 --- [shoplink-backend] [           main] o.s.t.web.servlet.TestDispatcherServlet  : Completed initialization in 4 ms
2026-09-26T01:10:54.557+03:00  INFO 38556 --- [shoplink-backend] [           main] o.s.b.t.m.w.SpringBootMockServletContext : Initializing Spring TestDispatcherServlet ''
2026-09-26T01:10:54.557+03:00  INFO 38556 --- [shoplink-backend] [           main] o.s.t.web.servlet.TestDispatcherServlet  : Initializing Servlet ''
2026-09-26T01:10:54.560+03:00  INFO 38556 --- [shoplink-backend] [           main] o.s.t.web.servlet.TestDispatcherServlet  : Completed initialization in 3 ms
2026-09-26T01:10:54.792+03:00  INFO 38556 --- [shoplink-backend] [           main] o.s.b.t.m.w.SpringBootMockServletContext : Initializing Spring TestDispatcherServlet ''
2026-09-26T01:10:54.793+03:00  INFO 38556 --- [shoplink-backend] [           main] o.s.t.web.servlet.TestDispatcherServlet  : Initializing Servlet ''
2026-09-26T01:10:54.795+03:00  INFO 38556 --- [shoplink-backend] [           main] o.s.t.web.servlet.TestDispatcherServlet  : Completed initialization in 2 ms
2026-09-26T01:10:55.177+03:00  INFO 38556 --- [shoplink-backend] [           main] o.s.b.t.m.w.SpringBootMockServletContext : Initializing Spring TestDispatcherServlet ''
2026-09-26T01:10:55.177+03:00  INFO 38556 --- [shoplink-backend] [           main] o.s.t.web.servlet.TestDispatcherServlet  : Initializing Servlet ''
2026-09-26T01:10:55.180+03:00  INFO 38556 --- [shoplink-backend] [           main] o.s.t.web.servlet.TestDispatcherServlet  : Completed initialization in 3 ms
2026-09-26T01:10:55.452+03:00  INFO 38556 --- [shoplink-backend] [           main] o.s.b.t.m.w.SpringBootMockServletContext : Initializing Spring TestDispatcherServlet ''
2026-09-26T01:10:55.453+03:00  INFO 38556 --- [shoplink-backend] [           main] o.s.t.web.servlet.TestDispatcherServlet  : Initializing Servlet ''
2026-09-26T01:10:55.455+03:00  INFO 38556 --- [shoplink-backend] [           main] o.s.t.web.servlet.TestDispatcherServlet  : Completed initialization in 2 ms
[INFO] Tests run: 12, Failures: 0, Errors: 0, Skipped: 0, Time elapsed: 3.644 s -- in com.byonix.shoplink.CatalogVariantsIT
[INFO] Running com.byonix.shoplink.common.ErrorPrivacyTest
2026-09-26T01:10:55.711+03:00 ERROR 38556 --- [shoplink-backend] [           main] c.b.s.common.GlobalExceptionHandler      : Unhandled error id=48f39ecf-1296-4e14-9ab4-bd5dcba4988a type=java.lang.RuntimeException location=com.byonix.shoplink.common.ErrorPrivacyTest.unexpectedErrorDoesNotLogExceptionPayload(ErrorPrivacyTest.java:11)
[INFO] Tests run: 1, Failures: 0, Errors: 0, Skipped: 0, Time elapsed: 0.020 s -- in com.byonix.shoplink.common.ErrorPrivacyTest
[INFO] Running com.byonix.shoplink.config.ProductionConfigurationRejectionTest
2026-09-26T01:10:55.729+03:00  INFO 38556 --- [shoplink-backend] [           main] c.b.s.c.ProductionSecurityValidator      : Validating production security configuration
2026-09-26T01:10:55.733+03:00  INFO 38556 --- [shoplink-backend] [           main] c.b.s.c.ProductionSecurityValidator      : Validating production security configuration
2026-09-26T01:10:55.734+03:00  INFO 38556 --- [shoplink-backend] [           main] c.b.s.c.ProductionSecurityValidator      : Validating production security configuration
2026-09-26T01:10:55.734+03:00  INFO 38556 --- [shoplink-backend] [           main] c.b.s.c.ProductionSecurityValidator      : Validating production security configuration
2026-09-26T01:10:55.735+03:00  INFO 38556 --- [shoplink-backend] [           main] c.b.s.c.ProductionSecurityValidator      : Validating production security configuration
2026-09-26T01:10:55.735+03:00  INFO 38556 --- [shoplink-backend] [           main] c.b.s.c.ProductionSecurityValidator      : Validating production security configuration
2026-09-26T01:10:55.735+03:00  INFO 38556 --- [shoplink-backend] [           main] c.b.s.c.ProductionSecurityValidator      : Validating production security configuration
2026-09-26T01:10:55.736+03:00  INFO 38556 --- [shoplink-backend] [           main] c.b.s.c.ProductionSecurityValidator      : Validating production security configuration
2026-09-26T01:10:55.736+03:00  INFO 38556 --- [shoplink-backend] [           main] c.b.s.c.ProductionSecurityValidator      : Validating production security configuration
2026-09-26T01:10:55.736+03:00  INFO 38556 --- [shoplink-backend] [           main] c.b.s.c.ProductionSecurityValidator      : Validating production security configuration
2026-09-26T01:10:55.737+03:00  INFO 38556 --- [shoplink-backend] [           main] c.b.s.c.ProductionSecurityValidator      : Validating production security configuration
2026-09-26T01:10:55.737+03:00  INFO 38556 --- [shoplink-backend] [           main] c.b.s.c.ProductionSecurityValidator      : Validating production security configuration
2026-09-26T01:10:55.737+03:00  INFO 38556 --- [shoplink-backend] [           main] c.b.s.c.ProductionSecurityValidator      : Validating production security configuration
2026-09-26T01:10:55.738+03:00  INFO 38556 --- [shoplink-backend] [           main] c.b.s.c.ProductionSecurityValidator      : Validating production security configuration
2026-09-26T01:10:55.738+03:00  INFO 38556 --- [shoplink-backend] [           main] c.b.s.c.ProductionSecurityValidator      : Validating production security configuration
2026-09-26T01:10:55.738+03:00  INFO 38556 --- [shoplink-backend] [           main] c.b.s.c.ProductionSecurityValidator      : Validating production security configuration
2026-09-26T01:10:55.739+03:00  INFO 38556 --- [shoplink-backend] [           main] c.b.s.c.ProductionSecurityValidator      : Validating production security configuration
2026-09-26T01:10:55.739+03:00  INFO 38556 --- [shoplink-backend] [           main] c.b.s.c.ProductionSecurityValidator      : Validating production security configuration
2026-09-26T01:10:55.739+03:00  INFO 38556 --- [shoplink-backend] [           main] c.b.s.c.ProductionSecurityValidator      : Validating production security configuration
[INFO] Tests run: 2, Failures: 0, Errors: 0, Skipped: 0, Time elapsed: 0.021 s -- in com.byonix.shoplink.config.ProductionConfigurationRejectionTest
[INFO] Running com.byonix.shoplink.config.ProductionCorsTest
[INFO] Tests run: 1, Failures: 0, Errors: 0, Skipped: 0, Time elapsed: 0.005 s -- in com.byonix.shoplink.config.ProductionCorsTest
[INFO] Running com.byonix.shoplink.config.ProductionJwtSecretTest
[INFO] Tests run: 2, Failures: 0, Errors: 0, Skipped: 0, Time elapsed: 0.005 s -- in com.byonix.shoplink.config.ProductionJwtSecretTest
[INFO] Running com.byonix.shoplink.config.ProductionSecurityValidatorTest
2026-09-26T01:10:56.082+03:00  INFO 38556 --- [shoplink-backend] [           main] c.b.s.c.ProductionSecurityValidator      : Validating production security configuration
2026-09-26T01:10:56.095+03:00  INFO 38556 --- [shoplink-backend] [           main] c.b.s.c.ProductionSecurityValidator      : Validating production security configuration
2026-09-26T01:10:56.100+03:00  INFO 38556 --- [shoplink-backend] [           main] c.b.s.c.ProductionSecurityValidator      : Validating production security configuration
[INFO] Tests run: 4, Failures: 0, Errors: 0, Skipped: 0, Time elapsed: 0.333 s -- in com.byonix.shoplink.config.ProductionSecurityValidatorTest
[INFO] Running com.byonix.shoplink.CustomerOrderHistoryTest
2026-09-26T01:10:56.106+03:00  INFO 38556 --- [shoplink-backend] [           main] t.c.s.AnnotationConfigContextLoaderUtils : Could not detect default configuration classes for test class [com.byonix.shoplink.support.ApiIT]: ApiIT does not declare any static, non-private, non-final, nested classes annotated with @Configuration.
2026-09-26T01:10:56.109+03:00  INFO 38556 --- [shoplink-backend] [           main] .b.t.c.SpringBootTestContextBootstrapper : Found @SpringBootConfiguration com.byonix.shoplink.ShoplinkBackendApplication for test class com.byonix.shoplink.CustomerOrderHistoryTest
2026-09-26T01:10:56.118+03:00  INFO 38556 --- [shoplink-backend] [           main] o.s.b.t.m.w.SpringBootMockServletContext : Initializing Spring TestDispatcherServlet ''
2026-09-26T01:10:56.118+03:00  INFO 38556 --- [shoplink-backend] [           main] o.s.t.web.servlet.TestDispatcherServlet  : Initializing Servlet ''
2026-09-26T01:10:56.120+03:00  INFO 38556 --- [shoplink-backend] [           main] o.s.t.web.servlet.TestDispatcherServlet  : Completed initialization in 2 ms
2026-09-26T01:10:56.239+03:00  INFO 38556 --- [shoplink-backend] [           main] o.s.b.t.m.w.SpringBootMockServletContext : Initializing Spring TestDispatcherServlet ''
2026-09-26T01:10:56.239+03:00  INFO 38556 --- [shoplink-backend] [           main] o.s.t.web.servlet.TestDispatcherServlet  : Initializing Servlet ''
2026-09-26T01:10:56.243+03:00  INFO 38556 --- [shoplink-backend] [           main] o.s.t.web.servlet.TestDispatcherServlet  : Completed initialization in 4 ms
2026-09-26T01:10:56.389+03:00  INFO 38556 --- [shoplink-backend] [           main] o.s.b.t.m.w.SpringBootMockServletContext : Initializing Spring TestDispatcherServlet ''
2026-09-26T01:10:56.389+03:00  INFO 38556 --- [shoplink-backend] [           main] o.s.t.web.servlet.TestDispatcherServlet  : Initializing Servlet ''
2026-09-26T01:10:56.392+03:00  INFO 38556 --- [shoplink-backend] [           main] o.s.t.web.servlet.TestDispatcherServlet  : Completed initialization in 3 ms
2026-09-26T01:10:56.623+03:00  INFO 38556 --- [shoplink-backend] [           main] o.s.b.t.m.w.SpringBootMockServletContext : Initializing Spring TestDispatcherServlet ''
2026-09-26T01:10:56.623+03:00  INFO 38556 --- [shoplink-backend] [           main] o.s.t.web.servlet.TestDispatcherServlet  : Initializing Servlet ''
2026-09-26T01:10:56.627+03:00  INFO 38556 --- [shoplink-backend] [           main] o.s.t.web.servlet.TestDispatcherServlet  : Completed initialization in 3 ms
2026-09-26T01:10:57.231+03:00  INFO 38556 --- [shoplink-backend] [           main] c.b.s.s.n.EmailNotificationService       : Transactional email skipped: delivery disabled or unconfigured
2026-09-26T01:10:57.258+03:00  INFO 38556 --- [shoplink-backend] [           main] o.s.b.t.m.w.SpringBootMockServletContext : Initializing Spring TestDispatcherServlet ''
2026-09-26T01:10:57.258+03:00  INFO 38556 --- [shoplink-backend] [           main] o.s.t.web.servlet.TestDispatcherServlet  : Initializing Servlet ''
2026-09-26T01:10:57.260+03:00  INFO 38556 --- [shoplink-backend] [           main] o.s.t.web.servlet.TestDispatcherServlet  : Completed initialization in 2 ms
[INFO] Tests run: 5, Failures: 0, Errors: 0, Skipped: 0, Time elapsed: 1.271 s -- in com.byonix.shoplink.CustomerOrderHistoryTest
[INFO] Running com.byonix.shoplink.CustomerProfileTest
2026-09-26T01:10:57.378+03:00  INFO 38556 --- [shoplink-backend] [           main] t.c.s.AnnotationConfigContextLoaderUtils : Could not detect default configuration classes for test class [com.byonix.shoplink.support.ApiIT]: ApiIT does not declare any static, non-private, non-final, nested classes annotated with @Configuration.
2026-09-26T01:10:57.381+03:00  INFO 38556 --- [shoplink-backend] [           main] .b.t.c.SpringBootTestContextBootstrapper : Found @SpringBootConfiguration com.byonix.shoplink.ShoplinkBackendApplication for test class com.byonix.shoplink.CustomerProfileTest
2026-09-26T01:10:57.387+03:00  INFO 38556 --- [shoplink-backend] [           main] o.s.b.t.m.w.SpringBootMockServletContext : Initializing Spring TestDispatcherServlet ''
2026-09-26T01:10:57.387+03:00  INFO 38556 --- [shoplink-backend] [           main] o.s.t.web.servlet.TestDispatcherServlet  : Initializing Servlet ''
2026-09-26T01:10:57.391+03:00  INFO 38556 --- [shoplink-backend] [           main] o.s.t.web.servlet.TestDispatcherServlet  : Completed initialization in 3 ms
2026-09-26T01:10:57.477+03:00  INFO 38556 --- [shoplink-backend] [           main] o.s.b.t.m.w.SpringBootMockServletContext : Initializing Spring TestDispatcherServlet ''
2026-09-26T01:10:57.477+03:00  INFO 38556 --- [shoplink-backend] [           main] o.s.t.web.servlet.TestDispatcherServlet  : Initializing Servlet ''
2026-09-26T01:10:57.479+03:00  INFO 38556 --- [shoplink-backend] [           main] o.s.t.web.servlet.TestDispatcherServlet  : Completed initialization in 2 ms
2026-09-26T01:10:57.504+03:00  INFO 38556 --- [shoplink-backend] [           main] o.s.b.t.m.w.SpringBootMockServletContext : Initializing Spring TestDispatcherServlet ''
2026-09-26T01:10:57.504+03:00  INFO 38556 --- [shoplink-backend] [           main] o.s.t.web.servlet.TestDispatcherServlet  : Initializing Servlet ''
2026-09-26T01:10:57.506+03:00  INFO 38556 --- [shoplink-backend] [           main] o.s.t.web.servlet.TestDispatcherServlet  : Completed initialization in 2 ms
2026-09-26T01:10:57.593+03:00  INFO 38556 --- [shoplink-backend] [           main] o.s.b.t.m.w.SpringBootMockServletContext : Initializing Spring TestDispatcherServlet ''
2026-09-26T01:10:57.594+03:00  INFO 38556 --- [shoplink-backend] [           main] o.s.t.web.servlet.TestDispatcherServlet  : Initializing Servlet ''
2026-09-26T01:10:57.595+03:00  INFO 38556 --- [shoplink-backend] [           main] o.s.t.web.servlet.TestDispatcherServlet  : Completed initialization in 1 ms
2026-09-26T01:10:57.657+03:00  INFO 38556 --- [shoplink-backend] [           main] o.s.b.t.m.w.SpringBootMockServletContext : Initializing Spring TestDispatcherServlet ''
2026-09-26T01:10:57.658+03:00  INFO 38556 --- [shoplink-backend] [           main] o.s.t.web.servlet.TestDispatcherServlet  : Initializing Servlet ''
2026-09-26T01:10:57.660+03:00  INFO 38556 --- [shoplink-backend] [           main] o.s.t.web.servlet.TestDispatcherServlet  : Completed initialization in 2 ms
2026-09-26T01:10:57.681+03:00  INFO 38556 --- [shoplink-backend] [           main] o.s.b.t.m.w.SpringBootMockServletContext : Initializing Spring TestDispatcherServlet ''
2026-09-26T01:10:57.682+03:00  INFO 38556 --- [shoplink-backend] [           main] o.s.t.web.servlet.TestDispatcherServlet  : Initializing Servlet ''
2026-09-26T01:10:57.685+03:00  INFO 38556 --- [shoplink-backend] [           main] o.s.t.web.servlet.TestDispatcherServlet  : Completed initialization in 3 ms
2026-09-26T01:10:57.722+03:00  INFO 38556 --- [shoplink-backend] [           main] o.s.b.t.m.w.SpringBootMockServletContext : Initializing Spring TestDispatcherServlet ''
2026-09-26T01:10:57.722+03:00  INFO 38556 --- [shoplink-backend] [           main] o.s.t.web.servlet.TestDispatcherServlet  : Initializing Servlet ''
2026-09-26T01:10:57.724+03:00  INFO 38556 --- [shoplink-backend] [           main] o.s.t.web.servlet.TestDispatcherServlet  : Completed initialization in 2 ms
[INFO] Tests run: 7, Failures: 0, Errors: 0, Skipped: 0, Time elapsed: 0.395 s -- in com.byonix.shoplink.CustomerProfileTest
[INFO] Running com.byonix.shoplink.GuestCheckoutInventoryIT
2026-09-26T01:10:57.776+03:00  INFO 38556 --- [shoplink-backend] [           main] t.c.s.AnnotationConfigContextLoaderUtils : Could not detect default configuration classes for test class [com.byonix.shoplink.support.ApiIT]: ApiIT does not declare any static, non-private, non-final, nested classes annotated with @Configuration.
2026-09-26T01:10:57.780+03:00  INFO 38556 --- [shoplink-backend] [           main] .b.t.c.SpringBootTestContextBootstrapper : Found @SpringBootConfiguration com.byonix.shoplink.ShoplinkBackendApplication for test class com.byonix.shoplink.GuestCheckoutInventoryIT
2026-09-26T01:10:57.786+03:00  INFO 38556 --- [shoplink-backend] [           main] o.s.b.t.m.w.SpringBootMockServletContext : Initializing Spring TestDispatcherServlet ''
2026-09-26T01:10:57.786+03:00  INFO 38556 --- [shoplink-backend] [           main] o.s.t.web.servlet.TestDispatcherServlet  : Initializing Servlet ''
2026-09-26T01:10:57.789+03:00  INFO 38556 --- [shoplink-backend] [           main] o.s.t.web.servlet.TestDispatcherServlet  : Completed initialization in 3 ms
2026-09-26T01:10:57.869+03:00  INFO 38556 --- [shoplink-backend] [           main] o.s.b.t.m.w.SpringBootMockServletContext : Initializing Spring TestDispatcherServlet ''
2026-09-26T01:10:57.869+03:00  INFO 38556 --- [shoplink-backend] [           main] o.s.t.web.servlet.TestDispatcherServlet  : Initializing Servlet ''
2026-09-26T01:10:57.873+03:00  INFO 38556 --- [shoplink-backend] [           main] o.s.t.web.servlet.TestDispatcherServlet  : Completed initialization in 4 ms
[INFO] Tests run: 2, Failures: 0, Errors: 0, Skipped: 0, Time elapsed: 0.196 s -- in com.byonix.shoplink.GuestCheckoutInventoryIT
[INFO] Running com.byonix.shoplink.InventoryIT
2026-09-26T01:10:57.974+03:00  INFO 38556 --- [shoplink-backend] [           main] t.c.s.AnnotationConfigContextLoaderUtils : Could not detect default configuration classes for test class [com.byonix.shoplink.support.ApiIT]: ApiIT does not declare any static, non-private, non-final, nested classes annotated with @Configuration.
2026-09-26T01:10:57.978+03:00  INFO 38556 --- [shoplink-backend] [           main] .b.t.c.SpringBootTestContextBootstrapper : Found @SpringBootConfiguration com.byonix.shoplink.ShoplinkBackendApplication for test class com.byonix.shoplink.InventoryIT
2026-09-26T01:10:57.985+03:00  INFO 38556 --- [shoplink-backend] [           main] o.s.b.t.m.w.SpringBootMockServletContext : Initializing Spring TestDispatcherServlet ''
2026-09-26T01:10:57.985+03:00  INFO 38556 --- [shoplink-backend] [           main] o.s.t.web.servlet.TestDispatcherServlet  : Initializing Servlet ''
2026-09-26T01:10:57.987+03:00  INFO 38556 --- [shoplink-backend] [           main] o.s.t.web.servlet.TestDispatcherServlet  : Completed initialization in 2 ms
2026-09-26T01:10:58.306+03:00  INFO 38556 --- [shoplink-backend] [           main] o.s.b.t.m.w.SpringBootMockServletContext : Initializing Spring TestDispatcherServlet ''
2026-09-26T01:10:58.306+03:00  INFO 38556 --- [shoplink-backend] [           main] o.s.t.web.servlet.TestDispatcherServlet  : Initializing Servlet ''
2026-09-26T01:10:58.307+03:00  INFO 38556 --- [shoplink-backend] [           main] o.s.t.web.servlet.TestDispatcherServlet  : Completed initialization in 1 ms
2026-09-26T01:10:58.528+03:00  INFO 38556 --- [shoplink-backend] [           main] o.s.b.t.m.w.SpringBootMockServletContext : Initializing Spring TestDispatcherServlet ''
2026-09-26T01:10:58.529+03:00  INFO 38556 --- [shoplink-backend] [           main] o.s.t.web.servlet.TestDispatcherServlet  : Initializing Servlet ''
2026-09-26T01:10:58.534+03:00  INFO 38556 --- [shoplink-backend] [           main] o.s.t.web.servlet.TestDispatcherServlet  : Completed initialization in 5 ms
2026-09-26T01:10:58.709+03:00  INFO 38556 --- [shoplink-backend] [           main] o.s.b.t.m.w.SpringBootMockServletContext : Initializing Spring TestDispatcherServlet ''
2026-09-26T01:10:58.710+03:00  INFO 38556 --- [shoplink-backend] [           main] o.s.t.web.servlet.TestDispatcherServlet  : Initializing Servlet ''
2026-09-26T01:10:58.714+03:00  INFO 38556 --- [shoplink-backend] [           main] o.s.t.web.servlet.TestDispatcherServlet  : Completed initialization in 4 ms
2026-09-26T01:10:58.904+03:00  INFO 38556 --- [shoplink-backend] [           main] o.s.b.t.m.w.SpringBootMockServletContext : Initializing Spring TestDispatcherServlet ''
2026-09-26T01:10:58.904+03:00  INFO 38556 --- [shoplink-backend] [           main] o.s.t.web.servlet.TestDispatcherServlet  : Initializing Servlet ''
2026-09-26T01:10:58.909+03:00  INFO 38556 --- [shoplink-backend] [           main] o.s.t.web.servlet.TestDispatcherServlet  : Completed initialization in 5 ms
2026-09-26T01:10:59.190+03:00  INFO 38556 --- [shoplink-backend] [           main] o.s.b.t.m.w.SpringBootMockServletContext : Initializing Spring TestDispatcherServlet ''
2026-09-26T01:10:59.191+03:00  INFO 38556 --- [shoplink-backend] [           main] o.s.t.web.servlet.TestDispatcherServlet  : Initializing Servlet ''
2026-09-26T01:10:59.194+03:00  INFO 38556 --- [shoplink-backend] [           main] o.s.t.web.servlet.TestDispatcherServlet  : Completed initialization in 3 ms
2026-09-26T01:10:59.390+03:00  INFO 38556 --- [shoplink-backend] [           main] o.s.b.t.m.w.SpringBootMockServletContext : Initializing Spring TestDispatcherServlet ''
2026-09-26T01:10:59.390+03:00  INFO 38556 --- [shoplink-backend] [           main] o.s.t.web.servlet.TestDispatcherServlet  : Initializing Servlet ''
2026-09-26T01:10:59.393+03:00  INFO 38556 --- [shoplink-backend] [           main] o.s.t.web.servlet.TestDispatcherServlet  : Completed initialization in 3 ms
2026-09-26T01:10:59.591+03:00  INFO 38556 --- [shoplink-backend] [           main] o.s.b.t.m.w.SpringBootMockServletContext : Initializing Spring TestDispatcherServlet ''
2026-09-26T01:10:59.591+03:00  INFO 38556 --- [shoplink-backend] [           main] o.s.t.web.servlet.TestDispatcherServlet  : Initializing Servlet ''
2026-09-26T01:10:59.595+03:00  INFO 38556 --- [shoplink-backend] [           main] o.s.t.web.servlet.TestDispatcherServlet  : Completed initialization in 4 ms
2026-09-26T01:10:59.958+03:00  INFO 38556 --- [shoplink-backend] [           main] o.s.b.t.m.w.SpringBootMockServletContext : Initializing Spring TestDispatcherServlet ''
2026-09-26T01:10:59.958+03:00  INFO 38556 --- [shoplink-backend] [           main] o.s.t.web.servlet.TestDispatcherServlet  : Initializing Servlet ''
2026-09-26T01:10:59.961+03:00  INFO 38556 --- [shoplink-backend] [           main] o.s.t.web.servlet.TestDispatcherServlet  : Completed initialization in 3 ms
2026-09-26T01:11:00.349+03:00  INFO 38556 --- [shoplink-backend] [           main] o.s.b.t.m.w.SpringBootMockServletContext : Initializing Spring TestDispatcherServlet ''
2026-09-26T01:11:00.350+03:00  INFO 38556 --- [shoplink-backend] [           main] o.s.t.web.servlet.TestDispatcherServlet  : Initializing Servlet ''
2026-09-26T01:11:00.352+03:00  INFO 38556 --- [shoplink-backend] [           main] o.s.t.web.servlet.TestDispatcherServlet  : Completed initialization in 2 ms
2026-09-26T01:11:00.545+03:00  INFO 38556 --- [shoplink-backend] [           main] o.s.b.t.m.w.SpringBootMockServletContext : Initializing Spring TestDispatcherServlet ''
2026-09-26T01:11:00.545+03:00  INFO 38556 --- [shoplink-backend] [           main] o.s.t.web.servlet.TestDispatcherServlet  : Initializing Servlet ''
2026-09-26T01:11:00.547+03:00  INFO 38556 --- [shoplink-backend] [           main] o.s.t.web.servlet.TestDispatcherServlet  : Completed initialization in 2 ms
[INFO] Tests run: 11, Failures: 0, Errors: 0, Skipped: 0, Time elapsed: 2.757 s -- in com.byonix.shoplink.InventoryIT
[INFO] Running com.byonix.shoplink.MultiTenantIsolationIT
2026-09-26T01:11:00.732+03:00  INFO 38556 --- [shoplink-backend] [           main] t.c.s.AnnotationConfigContextLoaderUtils : Could not detect default configuration classes for test class [com.byonix.shoplink.MultiTenantIsolationIT]: MultiTenantIsolationIT does not declare any static, non-private, non-final, nested classes annotated with @Configuration.
2026-09-26T01:11:00.735+03:00  INFO 38556 --- [shoplink-backend] [           main] .b.t.c.SpringBootTestContextBootstrapper : Found @SpringBootConfiguration com.byonix.shoplink.ShoplinkBackendApplication for test class com.byonix.shoplink.MultiTenantIsolationIT
2026-09-26T01:11:00.740+03:00  INFO 38556 --- [shoplink-backend] [           main] o.s.b.t.m.w.SpringBootMockServletContext : Initializing Spring TestDispatcherServlet ''
2026-09-26T01:11:00.740+03:00  INFO 38556 --- [shoplink-backend] [           main] o.s.t.web.servlet.TestDispatcherServlet  : Initializing Servlet ''
2026-09-26T01:11:00.743+03:00  INFO 38556 --- [shoplink-backend] [           main] o.s.t.web.servlet.TestDispatcherServlet  : Completed initialization in 2 ms
2026-09-26T01:11:01.019+03:00  INFO 38556 --- [shoplink-backend] [           main] o.s.b.t.m.w.SpringBootMockServletContext : Initializing Spring TestDispatcherServlet ''
2026-09-26T01:11:01.020+03:00  INFO 38556 --- [shoplink-backend] [           main] o.s.t.web.servlet.TestDispatcherServlet  : Initializing Servlet ''
2026-09-26T01:11:01.022+03:00  INFO 38556 --- [shoplink-backend] [           main] o.s.t.web.servlet.TestDispatcherServlet  : Completed initialization in 2 ms
2026-09-26T01:11:01.180+03:00  INFO 38556 --- [shoplink-backend] [           main] o.s.b.t.m.w.SpringBootMockServletContext : Initializing Spring TestDispatcherServlet ''
2026-09-26T01:11:01.181+03:00  INFO 38556 --- [shoplink-backend] [           main] o.s.t.web.servlet.TestDispatcherServlet  : Initializing Servlet ''
2026-09-26T01:11:01.186+03:00  INFO 38556 --- [shoplink-backend] [           main] o.s.t.web.servlet.TestDispatcherServlet  : Completed initialization in 5 ms
2026-09-26T01:11:01.323+03:00  INFO 38556 --- [shoplink-backend] [           main] o.s.b.t.m.w.SpringBootMockServletContext : Initializing Spring TestDispatcherServlet ''
2026-09-26T01:11:01.323+03:00  INFO 38556 --- [shoplink-backend] [           main] o.s.t.web.servlet.TestDispatcherServlet  : Initializing Servlet ''
2026-09-26T01:11:01.325+03:00  INFO 38556 --- [shoplink-backend] [           main] o.s.t.web.servlet.TestDispatcherServlet  : Completed initialization in 2 ms
2026-09-26T01:11:01.491+03:00  INFO 38556 --- [shoplink-backend] [           main] o.s.b.t.m.w.SpringBootMockServletContext : Initializing Spring TestDispatcherServlet ''
2026-09-26T01:11:01.491+03:00  INFO 38556 --- [shoplink-backend] [           main] o.s.t.web.servlet.TestDispatcherServlet  : Initializing Servlet ''
2026-09-26T01:11:01.493+03:00  INFO 38556 --- [shoplink-backend] [           main] o.s.t.web.servlet.TestDispatcherServlet  : Completed initialization in 2 ms
2026-09-26T01:11:01.713+03:00  INFO 38556 --- [shoplink-backend] [           main] o.s.b.t.m.w.SpringBootMockServletContext : Initializing Spring TestDispatcherServlet ''
2026-09-26T01:11:01.714+03:00  INFO 38556 --- [shoplink-backend] [           main] o.s.t.web.servlet.TestDispatcherServlet  : Initializing Servlet ''
2026-09-26T01:11:01.716+03:00  INFO 38556 --- [shoplink-backend] [           main] o.s.t.web.servlet.TestDispatcherServlet  : Completed initialization in 2 ms
2026-09-26T01:11:01.878+03:00  INFO 38556 --- [shoplink-backend] [           main] o.s.b.t.m.w.SpringBootMockServletContext : Initializing Spring TestDispatcherServlet ''
2026-09-26T01:11:01.878+03:00  INFO 38556 --- [shoplink-backend] [           main] o.s.t.web.servlet.TestDispatcherServlet  : Initializing Servlet ''
2026-09-26T01:11:01.881+03:00  INFO 38556 --- [shoplink-backend] [           main] o.s.t.web.servlet.TestDispatcherServlet  : Completed initialization in 3 ms
2026-09-26T01:11:02.019+03:00  INFO 38556 --- [shoplink-backend] [           main] o.s.b.t.m.w.SpringBootMockServletContext : Initializing Spring TestDispatcherServlet ''
2026-09-26T01:11:02.019+03:00  INFO 38556 --- [shoplink-backend] [           main] o.s.t.web.servlet.TestDispatcherServlet  : Initializing Servlet ''
2026-09-26T01:11:02.021+03:00  INFO 38556 --- [shoplink-backend] [           main] o.s.t.web.servlet.TestDispatcherServlet  : Completed initialization in 2 ms
2026-09-26T01:11:02.183+03:00  INFO 38556 --- [shoplink-backend] [           main] o.s.b.t.m.w.SpringBootMockServletContext : Initializing Spring TestDispatcherServlet ''
2026-09-26T01:11:02.183+03:00  INFO 38556 --- [shoplink-backend] [           main] o.s.t.web.servlet.TestDispatcherServlet  : Initializing Servlet ''
2026-09-26T01:11:02.185+03:00  INFO 38556 --- [shoplink-backend] [           main] o.s.t.web.servlet.TestDispatcherServlet  : Completed initialization in 2 ms
2026-09-26T01:11:02.425+03:00  INFO 38556 --- [shoplink-backend] [           main] o.s.b.t.m.w.SpringBootMockServletContext : Initializing Spring TestDispatcherServlet ''
2026-09-26T01:11:02.425+03:00  INFO 38556 --- [shoplink-backend] [           main] o.s.t.web.servlet.TestDispatcherServlet  : Initializing Servlet ''
2026-09-26T01:11:02.427+03:00  INFO 38556 --- [shoplink-backend] [           main] o.s.t.web.servlet.TestDispatcherServlet  : Completed initialization in 2 ms
2026-09-26T01:11:02.599+03:00  INFO 38556 --- [shoplink-backend] [           main] o.s.b.t.m.w.SpringBootMockServletContext : Initializing Spring TestDispatcherServlet ''
2026-09-26T01:11:02.600+03:00  INFO 38556 --- [shoplink-backend] [           main] o.s.t.web.servlet.TestDispatcherServlet  : Initializing Servlet ''
2026-09-26T01:11:02.601+03:00  INFO 38556 --- [shoplink-backend] [           main] o.s.t.web.servlet.TestDispatcherServlet  : Completed initialization in 1 ms
2026-09-26T01:11:02.790+03:00  INFO 38556 --- [shoplink-backend] [           main] o.s.b.t.m.w.SpringBootMockServletContext : Initializing Spring TestDispatcherServlet ''
2026-09-26T01:11:02.790+03:00  INFO 38556 --- [shoplink-backend] [           main] o.s.t.web.servlet.TestDispatcherServlet  : Initializing Servlet ''
2026-09-26T01:11:02.792+03:00  INFO 38556 --- [shoplink-backend] [           main] o.s.t.web.servlet.TestDispatcherServlet  : Completed initialization in 2 ms
2026-09-26T01:11:03.098+03:00  INFO 38556 --- [shoplink-backend] [           main] o.s.b.t.m.w.SpringBootMockServletContext : Initializing Spring TestDispatcherServlet ''
2026-09-26T01:11:03.098+03:00  INFO 38556 --- [shoplink-backend] [           main] o.s.t.web.servlet.TestDispatcherServlet  : Initializing Servlet ''
2026-09-26T01:11:03.100+03:00  INFO 38556 --- [shoplink-backend] [           main] o.s.t.web.servlet.TestDispatcherServlet  : Completed initialization in 2 ms
2026-09-26T01:11:03.242+03:00  INFO 38556 --- [shoplink-backend] [           main] o.s.b.t.m.w.SpringBootMockServletContext : Initializing Spring TestDispatcherServlet ''
2026-09-26T01:11:03.242+03:00  INFO 38556 --- [shoplink-backend] [           main] o.s.t.web.servlet.TestDispatcherServlet  : Initializing Servlet ''
2026-09-26T01:11:03.244+03:00  INFO 38556 --- [shoplink-backend] [           main] o.s.t.web.servlet.TestDispatcherServlet  : Completed initialization in 2 ms
2026-09-26T01:11:03.512+03:00  INFO 38556 --- [shoplink-backend] [           main] o.s.b.t.m.w.SpringBootMockServletContext : Initializing Spring TestDispatcherServlet ''
2026-09-26T01:11:03.512+03:00  INFO 38556 --- [shoplink-backend] [           main] o.s.t.web.servlet.TestDispatcherServlet  : Initializing Servlet ''
2026-09-26T01:11:03.514+03:00  INFO 38556 --- [shoplink-backend] [           main] o.s.t.web.servlet.TestDispatcherServlet  : Completed initialization in 2 ms
2026-09-26T01:11:03.743+03:00  INFO 38556 --- [shoplink-backend] [           main] o.s.b.t.m.w.SpringBootMockServletContext : Initializing Spring TestDispatcherServlet ''
2026-09-26T01:11:03.743+03:00  INFO 38556 --- [shoplink-backend] [           main] o.s.t.web.servlet.TestDispatcherServlet  : Initializing Servlet ''
2026-09-26T01:11:03.746+03:00  INFO 38556 --- [shoplink-backend] [           main] o.s.t.web.servlet.TestDispatcherServlet  : Completed initialization in 3 ms
2026-09-26T01:11:03.939+03:00  INFO 38556 --- [shoplink-backend] [           main] o.s.b.t.m.w.SpringBootMockServletContext : Initializing Spring TestDispatcherServlet ''
2026-09-26T01:11:03.939+03:00  INFO 38556 --- [shoplink-backend] [           main] o.s.t.web.servlet.TestDispatcherServlet  : Initializing Servlet ''
2026-09-26T01:11:03.942+03:00  INFO 38556 --- [shoplink-backend] [           main] o.s.t.web.servlet.TestDispatcherServlet  : Completed initialization in 3 ms
2026-09-26T01:11:04.126+03:00  WARN 38556 --- [shoplink-backend] [           main] ration$PageModule$WarningLoggingModifier : Serializing PageImpl instances as-is is not supported, meaning that there is no guarantee about the stability of the resulting JSON structure!
	For a stable JSON structure, please use Spring Data's PagedModel (globally via @EnableSpringDataWebSupport(pageSerializationMode = VIA_DTO))
	or Spring HATEOAS and Spring Data's PagedResourcesAssembler as documented in https://docs.spring.io/spring-data/commons/reference/repositories/core-extensions.html#core.web.pageables.

2026-09-26T01:11:04.216+03:00  INFO 38556 --- [shoplink-backend] [           main] o.s.b.t.m.w.SpringBootMockServletContext : Initializing Spring TestDispatcherServlet ''
2026-09-26T01:11:04.216+03:00  INFO 38556 --- [shoplink-backend] [           main] o.s.t.web.servlet.TestDispatcherServlet  : Initializing Servlet ''
2026-09-26T01:11:04.220+03:00  INFO 38556 --- [shoplink-backend] [           main] o.s.t.web.servlet.TestDispatcherServlet  : Completed initialization in 4 ms
[INFO] Tests run: 18, Failures: 0, Errors: 0, Skipped: 0, Time elapsed: 3.677 s -- in com.byonix.shoplink.MultiTenantIsolationIT
[INFO] Running com.byonix.shoplink.OrderPaymentStatusIT
2026-09-26T01:11:04.413+03:00  INFO 38556 --- [shoplink-backend] [           main] t.c.s.AnnotationConfigContextLoaderUtils : Could not detect default configuration classes for test class [com.byonix.shoplink.support.ApiIT]: ApiIT does not declare any static, non-private, non-final, nested classes annotated with @Configuration.
2026-09-26T01:11:04.417+03:00  INFO 38556 --- [shoplink-backend] [           main] .b.t.c.SpringBootTestContextBootstrapper : Found @SpringBootConfiguration com.byonix.shoplink.ShoplinkBackendApplication for test class com.byonix.shoplink.OrderPaymentStatusIT
2026-09-26T01:11:04.425+03:00  INFO 38556 --- [shoplink-backend] [           main] o.s.b.t.m.w.SpringBootMockServletContext : Initializing Spring TestDispatcherServlet ''
2026-09-26T01:11:04.425+03:00  INFO 38556 --- [shoplink-backend] [           main] o.s.t.web.servlet.TestDispatcherServlet  : Initializing Servlet ''
2026-09-26T01:11:04.427+03:00  INFO 38556 --- [shoplink-backend] [           main] o.s.t.web.servlet.TestDispatcherServlet  : Completed initialization in 2 ms
2026-09-26T01:11:04.520+03:00  INFO 38556 --- [shoplink-backend] [           main] o.s.b.t.m.w.SpringBootMockServletContext : Initializing Spring TestDispatcherServlet ''
2026-09-26T01:11:04.520+03:00  INFO 38556 --- [shoplink-backend] [           main] o.s.t.web.servlet.TestDispatcherServlet  : Initializing Servlet ''
2026-09-26T01:11:04.525+03:00  INFO 38556 --- [shoplink-backend] [           main] o.s.t.web.servlet.TestDispatcherServlet  : Completed initialization in 5 ms
2026-09-26T01:11:04.616+03:00  INFO 38556 --- [shoplink-backend] [           main] o.s.b.t.m.w.SpringBootMockServletContext : Initializing Spring TestDispatcherServlet ''
2026-09-26T01:11:04.616+03:00  INFO 38556 --- [shoplink-backend] [           main] o.s.t.web.servlet.TestDispatcherServlet  : Initializing Servlet ''
2026-09-26T01:11:04.620+03:00  INFO 38556 --- [shoplink-backend] [           main] o.s.t.web.servlet.TestDispatcherServlet  : Completed initialization in 4 ms
2026-09-26T01:11:04.767+03:00  INFO 38556 --- [shoplink-backend] [           main] o.s.b.t.m.w.SpringBootMockServletContext : Initializing Spring TestDispatcherServlet ''
2026-09-26T01:11:04.767+03:00  INFO 38556 --- [shoplink-backend] [           main] o.s.t.web.servlet.TestDispatcherServlet  : Initializing Servlet ''
2026-09-26T01:11:04.770+03:00  INFO 38556 --- [shoplink-backend] [           main] o.s.t.web.servlet.TestDispatcherServlet  : Completed initialization in 3 ms
[INFO] Tests run: 4, Failures: 0, Errors: 0, Skipped: 0, Time elapsed: 0.427 s -- in com.byonix.shoplink.OrderPaymentStatusIT
[INFO] Running com.byonix.shoplink.PosDeviceIT
2026-09-26T01:11:04.841+03:00  INFO 38556 --- [shoplink-backend] [           main] t.c.s.AnnotationConfigContextLoaderUtils : Could not detect default configuration classes for test class [com.byonix.shoplink.PosDeviceIT]: PosDeviceIT does not declare any static, non-private, non-final, nested classes annotated with @Configuration.
2026-09-26T01:11:04.845+03:00  INFO 38556 --- [shoplink-backend] [           main] .b.t.c.SpringBootTestContextBootstrapper : Found @SpringBootConfiguration com.byonix.shoplink.ShoplinkBackendApplication for test class com.byonix.shoplink.PosDeviceIT
2026-09-26T01:11:04.851+03:00  INFO 38556 --- [shoplink-backend] [           main] o.s.b.t.m.w.SpringBootMockServletContext : Initializing Spring TestDispatcherServlet ''
2026-09-26T01:11:04.852+03:00  INFO 38556 --- [shoplink-backend] [           main] o.s.t.web.servlet.TestDispatcherServlet  : Initializing Servlet ''
2026-09-26T01:11:04.854+03:00  INFO 38556 --- [shoplink-backend] [           main] o.s.t.web.servlet.TestDispatcherServlet  : Completed initialization in 2 ms
2026-09-26T01:11:05.055+03:00  INFO 38556 --- [shoplink-backend] [           main] o.s.b.t.m.w.SpringBootMockServletContext : Initializing Spring TestDispatcherServlet ''
2026-09-26T01:11:05.056+03:00  INFO 38556 --- [shoplink-backend] [           main] o.s.t.web.servlet.TestDispatcherServlet  : Initializing Servlet ''
2026-09-26T01:11:05.059+03:00  INFO 38556 --- [shoplink-backend] [           main] o.s.t.web.servlet.TestDispatcherServlet  : Completed initialization in 3 ms
2026-09-26T01:11:05.347+03:00  INFO 38556 --- [shoplink-backend] [           main] o.s.b.t.m.w.SpringBootMockServletContext : Initializing Spring TestDispatcherServlet ''
2026-09-26T01:11:05.347+03:00  INFO 38556 --- [shoplink-backend] [           main] o.s.t.web.servlet.TestDispatcherServlet  : Initializing Servlet ''
2026-09-26T01:11:05.351+03:00  INFO 38556 --- [shoplink-backend] [           main] o.s.t.web.servlet.TestDispatcherServlet  : Completed initialization in 4 ms
2026-09-26T01:11:05.525+03:00  INFO 38556 --- [shoplink-backend] [           main] o.s.b.t.m.w.SpringBootMockServletContext : Initializing Spring TestDispatcherServlet ''
2026-09-26T01:11:05.525+03:00  INFO 38556 --- [shoplink-backend] [           main] o.s.t.web.servlet.TestDispatcherServlet  : Initializing Servlet ''
2026-09-26T01:11:05.528+03:00  INFO 38556 --- [shoplink-backend] [           main] o.s.t.web.servlet.TestDispatcherServlet  : Completed initialization in 2 ms
2026-09-26T01:11:05.745+03:00  INFO 38556 --- [shoplink-backend] [           main] o.s.b.t.m.w.SpringBootMockServletContext : Initializing Spring TestDispatcherServlet ''
2026-09-26T01:11:05.745+03:00  INFO 38556 --- [shoplink-backend] [           main] o.s.t.web.servlet.TestDispatcherServlet  : Initializing Servlet ''
2026-09-26T01:11:05.749+03:00  INFO 38556 --- [shoplink-backend] [           main] o.s.t.web.servlet.TestDispatcherServlet  : Completed initialization in 4 ms
2026-09-26T01:11:05.887+03:00  INFO 38556 --- [shoplink-backend] [           main] o.s.b.t.m.w.SpringBootMockServletContext : Initializing Spring TestDispatcherServlet ''
2026-09-26T01:11:05.887+03:00  INFO 38556 --- [shoplink-backend] [           main] o.s.t.web.servlet.TestDispatcherServlet  : Initializing Servlet ''
2026-09-26T01:11:05.889+03:00  INFO 38556 --- [shoplink-backend] [           main] o.s.t.web.servlet.TestDispatcherServlet  : Completed initialization in 2 ms
[INFO] Tests run: 6, Failures: 0, Errors: 0, Skipped: 0, Time elapsed: 1.277 s -- in com.byonix.shoplink.PosDeviceIT
[INFO] Running com.byonix.shoplink.ProductImageIT
2026-09-26T01:11:06.119+03:00  INFO 38556 --- [shoplink-backend] [           main] t.c.s.AnnotationConfigContextLoaderUtils : Could not detect default configuration classes for test class [com.byonix.shoplink.support.ApiIT]: ApiIT does not declare any static, non-private, non-final, nested classes annotated with @Configuration.
2026-09-26T01:11:06.122+03:00  INFO 38556 --- [shoplink-backend] [           main] .b.t.c.SpringBootTestContextBootstrapper : Found @SpringBootConfiguration com.byonix.shoplink.ShoplinkBackendApplication for test class com.byonix.shoplink.ProductImageIT
2026-09-26T01:11:06.128+03:00  INFO 38556 --- [shoplink-backend] [           main] o.s.b.t.m.w.SpringBootMockServletContext : Initializing Spring TestDispatcherServlet ''
2026-09-26T01:11:06.128+03:00  INFO 38556 --- [shoplink-backend] [           main] o.s.t.web.servlet.TestDispatcherServlet  : Initializing Servlet ''
2026-09-26T01:11:06.130+03:00  INFO 38556 --- [shoplink-backend] [           main] o.s.t.web.servlet.TestDispatcherServlet  : Completed initialization in 2 ms
2026-09-26T01:11:06.207+03:00  INFO 38556 --- [shoplink-backend] [           main] o.s.b.t.m.w.SpringBootMockServletContext : Initializing Spring TestDispatcherServlet ''
2026-09-26T01:11:06.207+03:00  INFO 38556 --- [shoplink-backend] [           main] o.s.t.web.servlet.TestDispatcherServlet  : Initializing Servlet ''
2026-09-26T01:11:06.209+03:00  INFO 38556 --- [shoplink-backend] [           main] o.s.t.web.servlet.TestDispatcherServlet  : Completed initialization in 2 ms
2026-09-26T01:11:06.340+03:00  INFO 38556 --- [shoplink-backend] [           main] o.s.b.t.m.w.SpringBootMockServletContext : Initializing Spring TestDispatcherServlet ''
2026-09-26T01:11:06.340+03:00  INFO 38556 --- [shoplink-backend] [           main] o.s.t.web.servlet.TestDispatcherServlet  : Initializing Servlet ''
2026-09-26T01:11:06.342+03:00  INFO 38556 --- [shoplink-backend] [           main] o.s.t.web.servlet.TestDispatcherServlet  : Completed initialization in 2 ms
2026-09-26T01:11:06.440+03:00  INFO 38556 --- [shoplink-backend] [           main] o.s.b.t.m.w.SpringBootMockServletContext : Initializing Spring TestDispatcherServlet ''
2026-09-26T01:11:06.441+03:00  INFO 38556 --- [shoplink-backend] [           main] o.s.t.web.servlet.TestDispatcherServlet  : Initializing Servlet ''
2026-09-26T01:11:06.443+03:00  INFO 38556 --- [shoplink-backend] [           main] o.s.t.web.servlet.TestDispatcherServlet  : Completed initialization in 2 ms
2026-09-26T01:11:06.627+03:00  INFO 38556 --- [shoplink-backend] [           main] o.s.b.t.m.w.SpringBootMockServletContext : Initializing Spring TestDispatcherServlet ''
2026-09-26T01:11:06.627+03:00  INFO 38556 --- [shoplink-backend] [           main] o.s.t.web.servlet.TestDispatcherServlet  : Initializing Servlet ''
2026-09-26T01:11:06.632+03:00  INFO 38556 --- [shoplink-backend] [           main] o.s.t.web.servlet.TestDispatcherServlet  : Completed initialization in 5 ms
2026-09-26T01:11:06.775+03:00  INFO 38556 --- [shoplink-backend] [           main] o.s.b.t.m.w.SpringBootMockServletContext : Initializing Spring TestDispatcherServlet ''
2026-09-26T01:11:06.776+03:00  INFO 38556 --- [shoplink-backend] [           main] o.s.t.web.servlet.TestDispatcherServlet  : Initializing Servlet ''
2026-09-26T01:11:06.779+03:00  INFO 38556 --- [shoplink-backend] [           main] o.s.t.web.servlet.TestDispatcherServlet  : Completed initialization in 3 ms
2026-09-26T01:11:06.954+03:00  INFO 38556 --- [shoplink-backend] [           main] o.s.b.t.m.w.SpringBootMockServletContext : Initializing Spring TestDispatcherServlet ''
2026-09-26T01:11:06.954+03:00  INFO 38556 --- [shoplink-backend] [           main] o.s.t.web.servlet.TestDispatcherServlet  : Initializing Servlet ''
2026-09-26T01:11:06.956+03:00  INFO 38556 --- [shoplink-backend] [           main] o.s.t.web.servlet.TestDispatcherServlet  : Completed initialization in 2 ms
2026-09-26T01:11:07.083+03:00  INFO 38556 --- [shoplink-backend] [           main] o.s.b.t.m.w.SpringBootMockServletContext : Initializing Spring TestDispatcherServlet ''
2026-09-26T01:11:07.083+03:00  INFO 38556 --- [shoplink-backend] [           main] o.s.t.web.servlet.TestDispatcherServlet  : Initializing Servlet ''
2026-09-26T01:11:07.085+03:00  INFO 38556 --- [shoplink-backend] [           main] o.s.t.web.servlet.TestDispatcherServlet  : Completed initialization in 2 ms
[INFO] Tests run: 8, Failures: 0, Errors: 0, Skipped: 0, Time elapsed: 1.042 s -- in com.byonix.shoplink.ProductImageIT
[INFO] Running com.byonix.shoplink.ProductionConfigurationIT
2026-09-26T01:11:07.164+03:00  INFO 38556 --- [shoplink-backend] [           main] t.c.s.AnnotationConfigContextLoaderUtils : Could not detect default configuration classes for test class [com.byonix.shoplink.ProductionConfigurationIT]: ProductionConfigurationIT does not declare any static, non-private, non-final, nested classes annotated with @Configuration.
2026-09-26T01:11:07.168+03:00  INFO 38556 --- [shoplink-backend] [           main] .b.t.c.SpringBootTestContextBootstrapper : Found @SpringBootConfiguration com.byonix.shoplink.ShoplinkBackendApplication for test class com.byonix.shoplink.ProductionConfigurationIT

  .   ____          _            __ _ _
 /\\ / ___'_ __ _ _(_)_ __  __ _ \ \ \ \
( ( )\___ | '_ | '_| | '_ \/ _` | \ \ \ \
 \\/  ___)| |_)| | | | | || (_| |  ) ) ) )
  '  |____| .__|_| |_|_| |_\__, | / / / /
 =========|_|==============|___/=/_/_/_/

 :: Spring Boot ::                (v4.0.6)

2026-09-26T01:11:07.267+03:00  INFO 38556 --- [shoplink-backend] [           main] c.b.shoplink.ProductionConfigurationIT   : Starting ProductionConfigurationIT using Java 17.0.18 with PID 38556 (started by user in C:\Users\user\Desktop\shop\shoplink_backend)
2026-09-26T01:11:07.267+03:00  INFO 38556 --- [shoplink-backend] [           main] c.b.shoplink.ProductionConfigurationIT   : The following 1 profile is active: "prod"
2026-09-26T01:11:08.079+03:00  INFO 38556 --- [shoplink-backend] [           main] .s.d.r.c.RepositoryConfigurationDelegate : Bootstrapping Spring Data JPA repositories in DEFAULT mode.
2026-09-26T01:11:08.246+03:00  INFO 38556 --- [shoplink-backend] [           main] .s.d.r.c.RepositoryConfigurationDelegate : Finished Spring Data repository scanning in 164 ms. Found 30 JPA repository interfaces.
2026-09-26T01:11:08.591+03:00  INFO 38556 --- [shoplink-backend] [           main] com.zaxxer.hikari.HikariDataSource       : HikariPool-2 - Starting...
2026-09-26T01:11:08.624+03:00  INFO 38556 --- [shoplink-backend] [           main] com.zaxxer.hikari.pool.HikariPool        : HikariPool-2 - Added connection org.postgresql.jdbc.PgConnection@3fd47dd8
2026-09-26T01:11:08.624+03:00  INFO 38556 --- [shoplink-backend] [           main] com.zaxxer.hikari.HikariDataSource       : HikariPool-2 - Start completed.
2026-09-26T01:11:08.626+03:00  INFO 38556 --- [shoplink-backend] [           main] org.flywaydb.core.FlywayExecutor         : Database: jdbc:postgresql://localhost:62260/test?loggerLevel=OFF (PostgreSQL 16.15)
2026-09-26T01:11:08.709+03:00  INFO 38556 --- [shoplink-backend] [           main] o.f.core.internal.command.DbValidate     : Successfully validated 36 migrations (execution time 00:00.065s)
2026-09-26T01:11:08.744+03:00  INFO 38556 --- [shoplink-backend] [           main] o.f.core.internal.command.DbMigrate      : Current version of schema "public": 36
2026-09-26T01:11:08.745+03:00  INFO 38556 --- [shoplink-backend] [           main] o.f.core.internal.command.DbMigrate      : Schema "public" is up to date. No migration necessary.
2026-09-26T01:11:08.810+03:00  INFO 38556 --- [shoplink-backend] [           main] org.hibernate.orm.jpa                    : HHH008540: Processing PersistenceUnitInfo [name: default]
2026-09-26T01:11:09.006+03:00  INFO 38556 --- [shoplink-backend] [           main] o.s.o.j.p.SpringPersistenceUnitInfo      : No LoadTimeWeaver setup: ignoring JPA class transformer
2026-09-26T01:11:09.018+03:00  INFO 38556 --- [shoplink-backend] [           main] org.hibernate.orm.connections.pooling    : HHH10001005: Database info:
	Database JDBC URL [jdbc:postgresql://localhost:62260/test?loggerLevel=OFF]
	Database driver: PostgreSQL JDBC Driver
	Database dialect: PostgreSQLDialect
	Database version: 16.15
	Default catalog/schema: test/public
	Autocommit mode: undefined/unknown
	Isolation level: READ_COMMITTED [default READ_COMMITTED]
	JDBC fetch size: none
	Pool: DataSourceConnectionProvider
	Minimum pool size: undefined/unknown
	Maximum pool size: undefined/unknown
2026-09-26T01:11:09.919+03:00  INFO 38556 --- [shoplink-backend] [           main] org.hibernate.orm.core                   : HHH000489: No JTA platform available (set 'hibernate.transaction.jta.platform' to enable JTA platform integration)
2026-09-26T01:11:10.136+03:00  INFO 38556 --- [shoplink-backend] [           main] j.LocalContainerEntityManagerFactoryBean : Initialized JPA EntityManagerFactory for persistence unit 'default'
2026-09-26T01:11:11.256+03:00  INFO 38556 --- [shoplink-backend] [           main] c.b.s.c.ProductionSecurityValidator      : Validating production security configuration
2026-09-26T01:11:12.023+03:00  INFO 38556 --- [shoplink-backend] [           main] o.s.b.a.e.web.EndpointLinksResolver      : Exposing 1 endpoint beneath base path '/actuator'
2026-09-26T01:11:12.078+03:00  INFO 38556 --- [shoplink-backend] [           main] c.b.shoplink.ProductionConfigurationIT   : Started ProductionConfigurationIT in 4.901 seconds (process running for 80.581)
2026-09-26T01:11:12.079+03:00  INFO 38556 --- [shoplink-backend] [           main] c.b.s.c.ProductionSecurityValidator      : Validating production security configuration
2026-09-26T01:11:12.084+03:00  INFO 38556 --- [shoplink-backend] [           main] o.s.b.t.m.w.SpringBootMockServletContext : Initializing Spring TestDispatcherServlet ''
2026-09-26T01:11:12.085+03:00  INFO 38556 --- [shoplink-backend] [           main] o.s.t.web.servlet.TestDispatcherServlet  : Initializing Servlet ''
2026-09-26T01:11:12.089+03:00  INFO 38556 --- [shoplink-backend] [           main] o.s.t.web.servlet.TestDispatcherServlet  : Completed initialization in 4 ms
2026-09-26T01:11:12.262+03:00  INFO 38556 --- [shoplink-backend] [           main] o.s.b.t.m.w.SpringBootMockServletContext : Initializing Spring TestDispatcherServlet ''
2026-09-26T01:11:12.262+03:00  INFO 38556 --- [shoplink-backend] [           main] o.s.t.web.servlet.TestDispatcherServlet  : Initializing Servlet ''
2026-09-26T01:11:12.266+03:00  INFO 38556 --- [shoplink-backend] [           main] o.s.t.web.servlet.TestDispatcherServlet  : Completed initialization in 4 ms
2026-09-26T01:11:12.497+03:00  INFO 38556 --- [shoplink-backend] [           main] o.s.b.t.m.w.SpringBootMockServletContext : Initializing Spring TestDispatcherServlet ''
2026-09-26T01:11:12.497+03:00  INFO 38556 --- [shoplink-backend] [           main] o.s.t.web.servlet.TestDispatcherServlet  : Initializing Servlet ''
2026-09-26T01:11:12.501+03:00  INFO 38556 --- [shoplink-backend] [           main] o.s.t.web.servlet.TestDispatcherServlet  : Completed initialization in 4 ms
2026-09-26T01:11:12.527+03:00  INFO 38556 --- [shoplink-backend] [           main] o.s.b.t.m.w.SpringBootMockServletContext : Initializing Spring TestDispatcherServlet ''
2026-09-26T01:11:12.527+03:00  INFO 38556 --- [shoplink-backend] [           main] o.s.t.web.servlet.TestDispatcherServlet  : Initializing Servlet ''
2026-09-26T01:11:12.531+03:00  INFO 38556 --- [shoplink-backend] [           main] o.s.t.web.servlet.TestDispatcherServlet  : Completed initialization in 4 ms
[INFO] Tests run: 4, Failures: 0, Errors: 0, Skipped: 0, Time elapsed: 5.380 s -- in com.byonix.shoplink.ProductionConfigurationIT
[INFO] Running com.byonix.shoplink.ReportsCsvIT
2026-09-26T01:11:12.546+03:00  INFO 38556 --- [shoplink-backend] [           main] t.c.s.AnnotationConfigContextLoaderUtils : Could not detect default configuration classes for test class [com.byonix.shoplink.support.ApiIT]: ApiIT does not declare any static, non-private, non-final, nested classes annotated with @Configuration.
2026-09-26T01:11:12.550+03:00  INFO 38556 --- [shoplink-backend] [           main] .b.t.c.SpringBootTestContextBootstrapper : Found @SpringBootConfiguration com.byonix.shoplink.ShoplinkBackendApplication for test class com.byonix.shoplink.ReportsCsvIT
2026-09-26T01:11:12.561+03:00  INFO 38556 --- [shoplink-backend] [           main] o.s.b.t.m.w.SpringBootMockServletContext : Initializing Spring TestDispatcherServlet ''
2026-09-26T01:11:12.561+03:00  INFO 38556 --- [shoplink-backend] [           main] o.s.t.web.servlet.TestDispatcherServlet  : Initializing Servlet ''
2026-09-26T01:11:12.566+03:00  INFO 38556 --- [shoplink-backend] [           main] o.s.t.web.servlet.TestDispatcherServlet  : Completed initialization in 5 ms
2026-09-26T01:11:12.928+03:00  INFO 38556 --- [shoplink-backend] [           main] o.s.b.t.m.w.SpringBootMockServletContext : Initializing Spring TestDispatcherServlet ''
2026-09-26T01:11:12.928+03:00  INFO 38556 --- [shoplink-backend] [           main] o.s.t.web.servlet.TestDispatcherServlet  : Initializing Servlet ''
2026-09-26T01:11:12.933+03:00  INFO 38556 --- [shoplink-backend] [           main] o.s.t.web.servlet.TestDispatcherServlet  : Completed initialization in 5 ms
2026-09-26T01:11:13.084+03:00  INFO 38556 --- [shoplink-backend] [           main] o.s.b.t.m.w.SpringBootMockServletContext : Initializing Spring TestDispatcherServlet ''
2026-09-26T01:11:13.084+03:00  INFO 38556 --- [shoplink-backend] [           main] o.s.t.web.servlet.TestDispatcherServlet  : Initializing Servlet ''
2026-09-26T01:11:13.090+03:00  INFO 38556 --- [shoplink-backend] [           main] o.s.t.web.servlet.TestDispatcherServlet  : Completed initialization in 6 ms
2026-09-26T01:11:13.233+03:00  INFO 38556 --- [shoplink-backend] [           main] o.s.b.t.m.w.SpringBootMockServletContext : Initializing Spring TestDispatcherServlet ''
2026-09-26T01:11:13.233+03:00  INFO 38556 --- [shoplink-backend] [           main] o.s.t.web.servlet.TestDispatcherServlet  : Initializing Servlet ''
2026-09-26T01:11:13.237+03:00  INFO 38556 --- [shoplink-backend] [           main] o.s.t.web.servlet.TestDispatcherServlet  : Completed initialization in 4 ms
2026-09-26T01:11:13.361+03:00  INFO 38556 --- [shoplink-backend] [           main] o.s.b.t.m.w.SpringBootMockServletContext : Initializing Spring TestDispatcherServlet ''
2026-09-26T01:11:13.361+03:00  INFO 38556 --- [shoplink-backend] [           main] o.s.t.web.servlet.TestDispatcherServlet  : Initializing Servlet ''
2026-09-26T01:11:13.366+03:00  INFO 38556 --- [shoplink-backend] [           main] o.s.t.web.servlet.TestDispatcherServlet  : Completed initialization in 5 ms
2026-09-26T01:11:13.457+03:00  INFO 38556 --- [shoplink-backend] [           main] o.s.b.t.m.w.SpringBootMockServletContext : Initializing Spring TestDispatcherServlet ''
2026-09-26T01:11:13.457+03:00  INFO 38556 --- [shoplink-backend] [           main] o.s.t.web.servlet.TestDispatcherServlet  : Initializing Servlet ''
2026-09-26T01:11:13.461+03:00  INFO 38556 --- [shoplink-backend] [           main] o.s.t.web.servlet.TestDispatcherServlet  : Completed initialization in 4 ms
2026-09-26T01:11:13.672+03:00  INFO 38556 --- [shoplink-backend] [           main] o.s.b.t.m.w.SpringBootMockServletContext : Initializing Spring TestDispatcherServlet ''
2026-09-26T01:11:13.672+03:00  INFO 38556 --- [shoplink-backend] [           main] o.s.t.web.servlet.TestDispatcherServlet  : Initializing Servlet ''
2026-09-26T01:11:13.678+03:00  INFO 38556 --- [shoplink-backend] [           main] o.s.t.web.servlet.TestDispatcherServlet  : Completed initialization in 6 ms
2026-09-26T01:11:13.775+03:00  INFO 38556 --- [shoplink-backend] [           main] o.s.b.t.m.w.SpringBootMockServletContext : Initializing Spring TestDispatcherServlet ''
2026-09-26T01:11:13.775+03:00  INFO 38556 --- [shoplink-backend] [           main] o.s.t.web.servlet.TestDispatcherServlet  : Initializing Servlet ''
2026-09-26T01:11:13.779+03:00  INFO 38556 --- [shoplink-backend] [           main] o.s.t.web.servlet.TestDispatcherServlet  : Completed initialization in 4 ms
2026-09-26T01:11:13.839+03:00  INFO 38556 --- [shoplink-backend] [           main] o.s.b.t.m.w.SpringBootMockServletContext : Initializing Spring TestDispatcherServlet ''
2026-09-26T01:11:13.839+03:00  INFO 38556 --- [shoplink-backend] [           main] o.s.t.web.servlet.TestDispatcherServlet  : Initializing Servlet ''
2026-09-26T01:11:13.845+03:00  INFO 38556 --- [shoplink-backend] [           main] o.s.t.web.servlet.TestDispatcherServlet  : Completed initialization in 6 ms
2026-09-26T01:11:13.934+03:00  INFO 38556 --- [shoplink-backend] [           main] o.s.b.t.m.w.SpringBootMockServletContext : Initializing Spring TestDispatcherServlet ''
2026-09-26T01:11:13.934+03:00  INFO 38556 --- [shoplink-backend] [           main] o.s.t.web.servlet.TestDispatcherServlet  : Initializing Servlet ''
2026-09-26T01:11:13.941+03:00  INFO 38556 --- [shoplink-backend] [           main] o.s.t.web.servlet.TestDispatcherServlet  : Completed initialization in 7 ms
2026-09-26T01:11:14.024+03:00  INFO 38556 --- [shoplink-backend] [           main] o.s.b.t.m.w.SpringBootMockServletContext : Initializing Spring TestDispatcherServlet ''
2026-09-26T01:11:14.024+03:00  INFO 38556 --- [shoplink-backend] [           main] o.s.t.web.servlet.TestDispatcherServlet  : Initializing Servlet ''
2026-09-26T01:11:14.030+03:00  INFO 38556 --- [shoplink-backend] [           main] o.s.t.web.servlet.TestDispatcherServlet  : Completed initialization in 6 ms
[INFO] Tests run: 11, Failures: 0, Errors: 0, Skipped: 0, Time elapsed: 1.594 s -- in com.byonix.shoplink.ReportsCsvIT
[INFO] Running com.byonix.shoplink.security.AuthorizationExpressionsTest
[INFO] Tests run: 3, Failures: 0, Errors: 0, Skipped: 0, Time elapsed: 0.018 s -- in com.byonix.shoplink.security.AuthorizationExpressionsTest
[INFO] Running com.byonix.shoplink.security.google.GoogleTokenVerifierTest
[INFO] Tests run: 3, Failures: 0, Errors: 0, Skipped: 0, Time elapsed: 0.052 s -- in com.byonix.shoplink.security.google.GoogleTokenVerifierTest
[INFO] Running com.byonix.shoplink.security.ratelimit.GoogleLoginRateLimitTest
[INFO] Tests run: 2, Failures: 0, Errors: 0, Skipped: 0, Time elapsed: 0.013 s -- in com.byonix.shoplink.security.ratelimit.GoogleLoginRateLimitTest
[INFO] Running com.byonix.shoplink.security.ratelimit.PublicOrderLookupRateLimitTest
[INFO] Tests run: 2, Failures: 0, Errors: 0, Skipped: 0, Time elapsed: 0.011 s -- in com.byonix.shoplink.security.ratelimit.PublicOrderLookupRateLimitTest
[INFO] Running com.byonix.shoplink.security.ratelimit.RateLimitServiceTest
[INFO] Tests run: 1, Failures: 0, Errors: 0, Skipped: 0, Time elapsed: 0.006 s -- in com.byonix.shoplink.security.ratelimit.RateLimitServiceTest
[INFO] Running com.byonix.shoplink.security.RateLimitFilterTest
[INFO] Tests run: 4, Failures: 0, Errors: 0, Skipped: 0, Time elapsed: 0.221 s -- in com.byonix.shoplink.security.RateLimitFilterTest
[INFO] Running com.byonix.shoplink.security.RefreshTokenCookieSeparationTest
[INFO] Tests run: 3, Failures: 0, Errors: 0, Skipped: 0, Time elapsed: 0.229 s -- in com.byonix.shoplink.security.RefreshTokenCookieSeparationTest
[INFO] Running com.byonix.shoplink.security.RefreshTokenCredentialResolverTest
[INFO] Tests run: 4, Failures: 0, Errors: 0, Skipped: 0, Time elapsed: 0.239 s -- in com.byonix.shoplink.security.RefreshTokenCredentialResolverTest
[INFO] Running com.byonix.shoplink.security.SecurityHeadersConfigTest
[INFO] Tests run: 3, Failures: 0, Errors: 0, Skipped: 0, Time elapsed: 0.048 s -- in com.byonix.shoplink.security.SecurityHeadersConfigTest
[INFO] Running com.byonix.shoplink.service.AuthServiceGoogleLoginTest
[INFO] Tests run: 5, Failures: 0, Errors: 0, Skipped: 0, Time elapsed: 3.762 s -- in com.byonix.shoplink.service.AuthServiceGoogleLoginTest
[INFO] Running com.byonix.shoplink.service.BusinessHoursServiceTest
[INFO] Tests run: 10, Failures: 0, Errors: 0, Skipped: 0, Time elapsed: 0.439 s -- in com.byonix.shoplink.service.BusinessHoursServiceTest
[INFO] Running com.byonix.shoplink.service.EmailReliabilityTest
2026-09-26T01:11:19.675+03:00  WARN 38556 --- [shoplink-backend] [           main] c.b.s.s.n.EmailNotificationService       : Transactional email attempt=1 failed type=MailSendException
2026-09-26T01:11:19.802+03:00  INFO 38556 --- [shoplink-backend] [           main] c.b.s.s.n.EmailNotificationService       : Transactional email accepted by SMTP
2026-09-26T01:11:19.825+03:00  WARN 38556 --- [shoplink-backend] [           main] c.b.s.s.n.EmailNotificationService       : Transactional email attempt=1 failed type=MailSendException
2026-09-26T01:11:19.941+03:00  WARN 38556 --- [shoplink-backend] [           main] c.b.s.s.n.EmailNotificationService       : Transactional email attempt=2 failed type=MailSendException
2026-09-26T01:11:20.179+03:00  WARN 38556 --- [shoplink-backend] [           main] c.b.s.s.n.EmailNotificationService       : Transactional email attempt=3 failed type=MailSendException
2026-09-26T01:11:20.183+03:00  INFO 38556 --- [shoplink-backend] [           main] c.b.s.s.n.EmailNotificationService       : Transactional email skipped: delivery disabled or unconfigured
[INFO] Tests run: 3, Failures: 0, Errors: 0, Skipped: 0, Time elapsed: 0.983 s -- in com.byonix.shoplink.service.EmailReliabilityTest
[INFO] Running com.byonix.shoplink.service.InventoryLedgerTest
[INFO] Tests run: 3, Failures: 0, Errors: 0, Skipped: 0, Time elapsed: 0.326 s -- in com.byonix.shoplink.service.InventoryLedgerTest
[INFO] Running com.byonix.shoplink.service.MapperServiceTemplateKeyTest
[INFO] Tests run: 3, Failures: 0, Errors: 0, Skipped: 0, Time elapsed: 0.008 s -- in com.byonix.shoplink.service.MapperServiceTemplateKeyTest
[INFO] Running com.byonix.shoplink.service.OrderServiceAcceptanceTest
[INFO] Tests run: 3, Failures: 0, Errors: 0, Skipped: 0, Time elapsed: 2.196 s -- in com.byonix.shoplink.service.OrderServiceAcceptanceTest
[INFO] Running com.byonix.shoplink.service.OrderServiceFulfillmentTest
[INFO] Tests run: 4, Failures: 0, Errors: 0, Skipped: 0, Time elapsed: 0.272 s -- in com.byonix.shoplink.service.OrderServiceFulfillmentTest
[INFO] Running com.byonix.shoplink.service.OrderServiceLookupTest
[INFO] Tests run: 3, Failures: 0, Errors: 0, Skipped: 0, Time elapsed: 0.036 s -- in com.byonix.shoplink.service.OrderServiceLookupTest
[INFO] Running com.byonix.shoplink.service.OrderServicePaymentStatusTransitionTest
[INFO] Tests run: 6, Failures: 0, Errors: 0, Skipped: 0, Time elapsed: 0.046 s -- in com.byonix.shoplink.service.OrderServicePaymentStatusTransitionTest
[INFO] Running com.byonix.shoplink.service.OrderServiceStatusTransitionTest
[INFO] Tests run: 6, Failures: 0, Errors: 0, Skipped: 0, Time elapsed: 0.046 s -- in com.byonix.shoplink.service.OrderServiceStatusTransitionTest
[INFO] Running com.byonix.shoplink.service.PasswordHashServiceTest
[INFO] Tests run: 3, Failures: 0, Errors: 0, Skipped: 0, Time elapsed: 4.236 s -- in com.byonix.shoplink.service.PasswordHashServiceTest
[INFO] Running com.byonix.shoplink.service.security.AccountLockServiceTest
[INFO] Tests run: 1, Failures: 0, Errors: 0, Skipped: 0, Time elapsed: 0.223 s -- in com.byonix.shoplink.service.security.AccountLockServiceTest
[INFO] Running com.byonix.shoplink.service.security.AdminMfaFlowTest
[INFO] Tests run: 7, Failures: 0, Errors: 0, Skipped: 0, Time elapsed: 0.065 s -- in com.byonix.shoplink.service.security.AdminMfaFlowTest
[INFO] Running com.byonix.shoplink.service.security.AdminSecurityServiceAuditTest
[INFO] Tests run: 4, Failures: 0, Errors: 0, Skipped: 0, Time elapsed: 0.765 s -- in com.byonix.shoplink.service.security.AdminSecurityServiceAuditTest
[INFO] Running com.byonix.shoplink.service.security.ProductionAuthFlowTest
[INFO] Tests run: 1, Failures: 0, Errors: 0, Skipped: 0, Time elapsed: 0.021 s -- in com.byonix.shoplink.service.security.ProductionAuthFlowTest
[INFO] Running com.byonix.shoplink.service.security.ProductionTokenExposureTest
[INFO] Tests run: 2, Failures: 0, Errors: 0, Skipped: 0, Time elapsed: 0.009 s -- in com.byonix.shoplink.service.security.ProductionTokenExposureTest
[INFO] Running com.byonix.shoplink.service.security.RefreshTokenSecurityServiceTest
[INFO] Tests run: 3, Failures: 0, Errors: 0, Skipped: 0, Time elapsed: 0.387 s -- in com.byonix.shoplink.service.security.RefreshTokenSecurityServiceTest
[INFO] Running com.byonix.shoplink.service.security.SecureLoginServiceTest
[INFO] Tests run: 3, Failures: 0, Errors: 0, Skipped: 0, Time elapsed: 0.027 s -- in com.byonix.shoplink.service.security.SecureLoginServiceTest
[INFO] Running com.byonix.shoplink.service.StoreAcceptingOrdersTest
[INFO] Tests run: 2, Failures: 0, Errors: 0, Skipped: 0, Time elapsed: 0.438 s -- in com.byonix.shoplink.service.StoreAcceptingOrdersTest
[INFO] Running com.byonix.shoplink.service.StoreServicePublishGateTest
[INFO] Tests run: 10, Failures: 0, Errors: 0, Skipped: 0, Time elapsed: 0.051 s -- in com.byonix.shoplink.service.StoreServicePublishGateTest
[INFO] Running com.byonix.shoplink.service.StoreThemeContentServiceTest
[INFO] Tests run: 4, Failures: 0, Errors: 0, Skipped: 0, Time elapsed: 0.438 s -- in com.byonix.shoplink.service.StoreThemeContentServiceTest
[INFO] Running com.byonix.shoplink.StorePublishLifecycleIT
2026-09-26T01:11:29.835+03:00  INFO 38556 --- [shoplink-backend] [           main] t.c.s.AnnotationConfigContextLoaderUtils : Could not detect default configuration classes for test class [com.byonix.shoplink.StorePublishLifecycleIT]: StorePublishLifecycleIT does not declare any static, non-private, non-final, nested classes annotated with @Configuration.
2026-09-26T01:11:29.838+03:00  INFO 38556 --- [shoplink-backend] [           main] .b.t.c.SpringBootTestContextBootstrapper : Found @SpringBootConfiguration com.byonix.shoplink.ShoplinkBackendApplication for test class com.byonix.shoplink.StorePublishLifecycleIT
2026-09-26T01:11:29.847+03:00  INFO 38556 --- [shoplink-backend] [           main] o.s.b.t.m.w.SpringBootMockServletContext : Initializing Spring TestDispatcherServlet ''
2026-09-26T01:11:29.847+03:00  INFO 38556 --- [shoplink-backend] [           main] o.s.t.web.servlet.TestDispatcherServlet  : Initializing Servlet ''
2026-09-26T01:11:29.852+03:00  INFO 38556 --- [shoplink-backend] [           main] o.s.t.web.servlet.TestDispatcherServlet  : Completed initialization in 5 ms
[INFO] Tests run: 1, Failures: 0, Errors: 0, Skipped: 0, Time elapsed: 0.093 s -- in com.byonix.shoplink.StorePublishLifecycleIT
[INFO] 
[INFO] Results:
[INFO] 
[INFO] Tests run: 235, Failures: 0, Errors: 0, Skipped: 0
[INFO] 
[INFO] ------------------------------------------------------------------------
[INFO] BUILD SUCCESS
[INFO] ------------------------------------------------------------------------
[INFO] Total time:  01:44 min
[INFO] Finished at: 2026-09-26T01:11:30+03:00
[INFO] ------------------------------------------------------------------------
